[    0.000000] Linux version 5.0.10 (root@ubuntu) (gcc version 8.3.0 (Ubuntu 8.3.0-6ubuntu1)) #1 SMP Sun Apr 12 22:35:56 PDT 2020
[    0.000000] Command line: BOOT_IMAGE=/boot/vmlinuz-5.0.10 root=UUID=966cbf75-431f-4516-96a0-99573254d3b8 ro find_preseed=/preseed.cfg auto noprompt priority=critical locale=en_US quiet
[    0.000000] KERNEL supported cpus:
[    0.000000]   Intel GenuineIntel
[    0.000000]   AMD AuthenticAMD
[    0.000000]   Hygon HygonGenuine
[    0.000000]   Centaur CentaurHauls
[    0.000000] Disabled fast string operations
[    0.000000] x86/fpu: Supporting XSAVE feature 0x001: 'x87 floating point registers'
[    0.000000] x86/fpu: Supporting XSAVE feature 0x002: 'SSE registers'
[    0.000000] x86/fpu: Supporting XSAVE feature 0x004: 'AVX registers'
[    0.000000] x86/fpu: Supporting XSAVE feature 0x008: 'MPX bounds registers'
[    0.000000] x86/fpu: Supporting XSAVE feature 0x010: 'MPX CSR'
[    0.000000] x86/fpu: xstate_offset[2]:  576, xstate_sizes[2]:  256
[    0.000000] x86/fpu: xstate_offset[3]:  832, xstate_sizes[3]:   64
[    0.000000] x86/fpu: xstate_offset[4]:  896, xstate_sizes[4]:   64
[    0.000000] x86/fpu: Enabled xstate features 0x1f, context size is 960 bytes, using 'compacted' format.
[    0.000000] BIOS-provided physical RAM map:
[    0.000000] BIOS-e820: [mem 0x0000000000000000-0x000000000009e7ff] usable
[    0.000000] BIOS-e820: [mem 0x000000000009e800-0x000000000009ffff] reserved
[    0.000000] BIOS-e820: [mem 0x00000000000dc000-0x00000000000fffff] reserved
[    0.000000] BIOS-e820: [mem 0x0000000000100000-0x00000000bfecffff] usable
[    0.000000] BIOS-e820: [mem 0x00000000bfed0000-0x00000000bfefefff] ACPI data
[    0.000000] BIOS-e820: [mem 0x00000000bfeff000-0x00000000bfefffff] ACPI NVS
[    0.000000] BIOS-e820: [mem 0x00000000bff00000-0x00000000bfffffff] usable
[    0.000000] BIOS-e820: [mem 0x00000000f0000000-0x00000000f7ffffff] reserved
[    0.000000] BIOS-e820: [mem 0x00000000fec00000-0x00000000fec0ffff] reserved
[    0.000000] BIOS-e820: [mem 0x00000000fee00000-0x00000000fee00fff] reserved
[    0.000000] BIOS-e820: [mem 0x00000000fffe0000-0x00000000ffffffff] reserved
[    0.000000] BIOS-e820: [mem 0x0000000100000000-0x000000013fffffff] usable
[    0.000000] NX (Execute Disable) protection: active
[    0.000000] SMBIOS 2.7 present.
[    0.000000] DMI: VMware, Inc. VMware Virtual Platform/440BX Desktop Reference Platform, BIOS 6.00 07/29/2019
[    0.000000] Hypervisor detected: VMware
[    0.000000] vmware: TSC freq read from hypervisor : 2304.000 MHz
[    0.000000] vmware: Host bus clock speed read from hypervisor : 66000000 Hz
[    0.000000] vmware: using sched offset of 34733518450 ns
[    0.000001] tsc: Detected 2304.000 MHz processor
[    0.004431] e820: update [mem 0x00000000-0x00000fff] usable ==> reserved
[    0.004432] e820: remove [mem 0x000a0000-0x000fffff] usable
[    0.004436] last_pfn = 0x140000 max_arch_pfn = 0x400000000
[    0.004450] MTRR default type: uncachable
[    0.004451] MTRR fixed ranges enabled:
[    0.004452]   00000-9FFFF write-back
[    0.004452]   A0000-BFFFF uncachable
[    0.004453]   C0000-CFFFF write-protect
[    0.004453]   D0000-EFFFF uncachable
[    0.004454]   F0000-FFFFF write-protect
[    0.004454] MTRR variable ranges enabled:
[    0.004455]   0 base 00000000000 mask 7E000000000 write-back
[    0.004456]   1 base 000C0000000 mask 7FFC0000000 uncachable
[    0.004457]   2 disabled
[    0.004457]   3 disabled
[    0.004457]   4 disabled
[    0.004458]   5 disabled
[    0.004458]   6 disabled
[    0.004458]   7 disabled
[    0.004471] x86/PAT: Configuration [0-7]: WB  WC  UC- UC  WB  WP  UC- WT  
[    0.004482] total RAM covered: 130048M
[    0.005014] Found optimal setting for mtrr clean up
[    0.005015]  gran_size: 64K 	chunk_size: 64K 	num_reg: 7  	lose cover RAM: 0G
[    0.005057] e820: update [mem 0xc0000000-0xffffffff] usable ==> reserved
[    0.005062] last_pfn = 0xc0000 max_arch_pfn = 0x400000000
[    0.014011] found SMP MP-table at [mem 0x000f6a70-0x000f6a7f]
[    0.014290] check: Scanning 1 areas for low memory corruption
[    0.014292] Base memory trampoline at [(____ptrval____)] 98000 size 24576
[    0.014318] Using GB pages for direct mapping
[    0.014321] BRK [0x115202000, 0x115202fff] PGTABLE
[    0.014322] BRK [0x115203000, 0x115203fff] PGTABLE
[    0.014323] BRK [0x115204000, 0x115204fff] PGTABLE
[    0.014349] BRK [0x115205000, 0x115205fff] PGTABLE
[    0.014415] BRK [0x115206000, 0x115206fff] PGTABLE
[    0.014434] BRK [0x115207000, 0x115207fff] PGTABLE
[    0.014478] RAMDISK: [mem 0x0fe38000-0x37feefff]
[    0.014501] ACPI: Early table checksum verification disabled
[    0.014550] ACPI: RSDP 0x00000000000F6A00 000024 (v02 PTLTD )
[    0.014555] ACPI: XSDT 0x00000000BFEDC633 00005C (v01 INTEL  440BX    06040000 VMW  01324272)
[    0.014561] ACPI: FACP 0x00000000BFEFEE73 0000F4 (v04 INTEL  440BX    06040000 PTL  000F4240)
[    0.014567] ACPI: DSDT 0x00000000BFEDD9E8 02148B (v01 PTLTD  Custom   06040000 MSFT 03000001)
[    0.014571] ACPI: FACS 0x00000000BFEFFFC0 000040
[    0.014574] ACPI: FACS 0x00000000BFEFFFC0 000040
[    0.014576] ACPI: BOOT 0x00000000BFEDD9C0 000028 (v01 PTLTD  $SBFTBL$ 06040000  LTP 00000001)
[    0.014579] ACPI: APIC 0x00000000BFEDD27E 000742 (v01 PTLTD  ? APIC   06040000  LTP 00000000)
[    0.014582] ACPI: MCFG 0x00000000BFEDD242 00003C (v01 PTLTD  $PCITBL$ 06040000  LTP 00000001)
[    0.014585] ACPI: SRAT 0x00000000BFEDC72F 0008D0 (v02 VMWARE MEMPLUG  06040000 VMW  00000001)
[    0.014588] ACPI: HPET 0x00000000BFEDC6F7 000038 (v01 VMWARE VMW HPET 06040000 VMW  00000001)
[    0.014591] ACPI: WAET 0x00000000BFEDC6CF 000028 (v01 VMWARE VMW WAET 06040000 VMW  00000001)
[    0.014632] ACPI: Local APIC address 0xfee00000
[    0.014658] system APIC only can use physical flat
[    0.014659] Setting APIC routing to physical flat.
[    0.014700] SRAT: PXM 0 -> APIC 0x00 -> Node 0
[    0.014701] SRAT: PXM 0 -> APIC 0x01 -> Node 0
[    0.014701] SRAT: PXM 0 -> APIC 0x02 -> Node 0
[    0.014702] SRAT: PXM 0 -> APIC 0x03 -> Node 0
[    0.014702] SRAT: PXM 0 -> APIC 0x04 -> Node 0
[    0.014703] SRAT: PXM 0 -> APIC 0x05 -> Node 0
[    0.014703] SRAT: PXM 0 -> APIC 0x06 -> Node 0
[    0.014703] SRAT: PXM 0 -> APIC 0x07 -> Node 0
[    0.014704] SRAT: PXM 0 -> APIC 0x08 -> Node 0
[    0.014704] SRAT: PXM 0 -> APIC 0x09 -> Node 0
[    0.014705] SRAT: PXM 0 -> APIC 0x0a -> Node 0
[    0.014705] SRAT: PXM 0 -> APIC 0x0b -> Node 0
[    0.014705] SRAT: PXM 0 -> APIC 0x0c -> Node 0
[    0.014706] SRAT: PXM 0 -> APIC 0x0d -> Node 0
[    0.014706] SRAT: PXM 0 -> APIC 0x0e -> Node 0
[    0.014707] SRAT: PXM 0 -> APIC 0x0f -> Node 0
[    0.014707] SRAT: PXM 0 -> APIC 0x10 -> Node 0
[    0.014707] SRAT: PXM 0 -> APIC 0x11 -> Node 0
[    0.014708] SRAT: PXM 0 -> APIC 0x12 -> Node 0
[    0.014708] SRAT: PXM 0 -> APIC 0x13 -> Node 0
[    0.014709] SRAT: PXM 0 -> APIC 0x14 -> Node 0
[    0.014709] SRAT: PXM 0 -> APIC 0x15 -> Node 0
[    0.014709] SRAT: PXM 0 -> APIC 0x16 -> Node 0
[    0.014710] SRAT: PXM 0 -> APIC 0x17 -> Node 0
[    0.014710] SRAT: PXM 0 -> APIC 0x18 -> Node 0
[    0.014711] SRAT: PXM 0 -> APIC 0x19 -> Node 0
[    0.014711] SRAT: PXM 0 -> APIC 0x1a -> Node 0
[    0.014711] SRAT: PXM 0 -> APIC 0x1b -> Node 0
[    0.014712] SRAT: PXM 0 -> APIC 0x1c -> Node 0
[    0.014712] SRAT: PXM 0 -> APIC 0x1d -> Node 0
[    0.014713] SRAT: PXM 0 -> APIC 0x1e -> Node 0
[    0.014713] SRAT: PXM 0 -> APIC 0x1f -> Node 0
[    0.014713] SRAT: PXM 0 -> APIC 0x20 -> Node 0
[    0.014714] SRAT: PXM 0 -> APIC 0x21 -> Node 0
[    0.014714] SRAT: PXM 0 -> APIC 0x22 -> Node 0
[    0.014715] SRAT: PXM 0 -> APIC 0x23 -> Node 0
[    0.014715] SRAT: PXM 0 -> APIC 0x24 -> Node 0
[    0.014715] SRAT: PXM 0 -> APIC 0x25 -> Node 0
[    0.014716] SRAT: PXM 0 -> APIC 0x26 -> Node 0
[    0.014716] SRAT: PXM 0 -> APIC 0x27 -> Node 0
[    0.014717] SRAT: PXM 0 -> APIC 0x28 -> Node 0
[    0.014717] SRAT: PXM 0 -> APIC 0x29 -> Node 0
[    0.014717] SRAT: PXM 0 -> APIC 0x2a -> Node 0
[    0.014718] SRAT: PXM 0 -> APIC 0x2b -> Node 0
[    0.014718] SRAT: PXM 0 -> APIC 0x2c -> Node 0
[    0.014719] SRAT: PXM 0 -> APIC 0x2d -> Node 0
[    0.014719] SRAT: PXM 0 -> APIC 0x2e -> Node 0
[    0.014719] SRAT: PXM 0 -> APIC 0x2f -> Node 0
[    0.014720] SRAT: PXM 0 -> APIC 0x30 -> Node 0
[    0.014720] SRAT: PXM 0 -> APIC 0x31 -> Node 0
[    0.014721] SRAT: PXM 0 -> APIC 0x32 -> Node 0
[    0.014721] SRAT: PXM 0 -> APIC 0x33 -> Node 0
[    0.014721] SRAT: PXM 0 -> APIC 0x34 -> Node 0
[    0.014722] SRAT: PXM 0 -> APIC 0x35 -> Node 0
[    0.014722] SRAT: PXM 0 -> APIC 0x36 -> Node 0
[    0.014723] SRAT: PXM 0 -> APIC 0x37 -> Node 0
[    0.014723] SRAT: PXM 0 -> APIC 0x38 -> Node 0
[    0.014723] SRAT: PXM 0 -> APIC 0x39 -> Node 0
[    0.014724] SRAT: PXM 0 -> APIC 0x3a -> Node 0
[    0.014724] SRAT: PXM 0 -> APIC 0x3b -> Node 0
[    0.014725] SRAT: PXM 0 -> APIC 0x3c -> Node 0
[    0.014725] SRAT: PXM 0 -> APIC 0x3d -> Node 0
[    0.014725] SRAT: PXM 0 -> APIC 0x3e -> Node 0
[    0.014726] SRAT: PXM 0 -> APIC 0x3f -> Node 0
[    0.014726] SRAT: PXM 0 -> APIC 0x40 -> Node 0
[    0.014727] SRAT: PXM 0 -> APIC 0x41 -> Node 0
[    0.014727] SRAT: PXM 0 -> APIC 0x42 -> Node 0
[    0.014727] SRAT: PXM 0 -> APIC 0x43 -> Node 0
[    0.014728] SRAT: PXM 0 -> APIC 0x44 -> Node 0
[    0.014728] SRAT: PXM 0 -> APIC 0x45 -> Node 0
[    0.014729] SRAT: PXM 0 -> APIC 0x46 -> Node 0
[    0.014729] SRAT: PXM 0 -> APIC 0x47 -> Node 0
[    0.014729] SRAT: PXM 0 -> APIC 0x48 -> Node 0
[    0.014730] SRAT: PXM 0 -> APIC 0x49 -> Node 0
[    0.014730] SRAT: PXM 0 -> APIC 0x4a -> Node 0
[    0.014731] SRAT: PXM 0 -> APIC 0x4b -> Node 0
[    0.014731] SRAT: PXM 0 -> APIC 0x4c -> Node 0
[    0.014731] SRAT: PXM 0 -> APIC 0x4d -> Node 0
[    0.014732] SRAT: PXM 0 -> APIC 0x4e -> Node 0
[    0.014732] SRAT: PXM 0 -> APIC 0x4f -> Node 0
[    0.014733] SRAT: PXM 0 -> APIC 0x50 -> Node 0
[    0.014733] SRAT: PXM 0 -> APIC 0x51 -> Node 0
[    0.014733] SRAT: PXM 0 -> APIC 0x52 -> Node 0
[    0.014734] SRAT: PXM 0 -> APIC 0x53 -> Node 0
[    0.014734] SRAT: PXM 0 -> APIC 0x54 -> Node 0
[    0.014735] SRAT: PXM 0 -> APIC 0x55 -> Node 0
[    0.014735] SRAT: PXM 0 -> APIC 0x56 -> Node 0
[    0.014735] SRAT: PXM 0 -> APIC 0x57 -> Node 0
[    0.014736] SRAT: PXM 0 -> APIC 0x58 -> Node 0
[    0.014736] SRAT: PXM 0 -> APIC 0x59 -> Node 0
[    0.014737] SRAT: PXM 0 -> APIC 0x5a -> Node 0
[    0.014737] SRAT: PXM 0 -> APIC 0x5b -> Node 0
[    0.014738] SRAT: PXM 0 -> APIC 0x5c -> Node 0
[    0.014738] SRAT: PXM 0 -> APIC 0x5d -> Node 0
[    0.014738] SRAT: PXM 0 -> APIC 0x5e -> Node 0
[    0.014739] SRAT: PXM 0 -> APIC 0x5f -> Node 0
[    0.014739] SRAT: PXM 0 -> APIC 0x60 -> Node 0
[    0.014740] SRAT: PXM 0 -> APIC 0x61 -> Node 0
[    0.014740] SRAT: PXM 0 -> APIC 0x62 -> Node 0
[    0.014740] SRAT: PXM 0 -> APIC 0x63 -> Node 0
[    0.014741] SRAT: PXM 0 -> APIC 0x64 -> Node 0
[    0.014741] SRAT: PXM 0 -> APIC 0x65 -> Node 0
[    0.014742] SRAT: PXM 0 -> APIC 0x66 -> Node 0
[    0.014742] SRAT: PXM 0 -> APIC 0x67 -> Node 0
[    0.014742] SRAT: PXM 0 -> APIC 0x68 -> Node 0
[    0.014743] SRAT: PXM 0 -> APIC 0x69 -> Node 0
[    0.014743] SRAT: PXM 0 -> APIC 0x6a -> Node 0
[    0.014744] SRAT: PXM 0 -> APIC 0x6b -> Node 0
[    0.014744] SRAT: PXM 0 -> APIC 0x6c -> Node 0
[    0.014744] SRAT: PXM 0 -> APIC 0x6d -> Node 0
[    0.014745] SRAT: PXM 0 -> APIC 0x6e -> Node 0
[    0.014745] SRAT: PXM 0 -> APIC 0x6f -> Node 0
[    0.014746] SRAT: PXM 0 -> APIC 0x70 -> Node 0
[    0.014746] SRAT: PXM 0 -> APIC 0x71 -> Node 0
[    0.014746] SRAT: PXM 0 -> APIC 0x72 -> Node 0
[    0.014747] SRAT: PXM 0 -> APIC 0x73 -> Node 0
[    0.014747] SRAT: PXM 0 -> APIC 0x74 -> Node 0
[    0.014748] SRAT: PXM 0 -> APIC 0x75 -> Node 0
[    0.014748] SRAT: PXM 0 -> APIC 0x76 -> Node 0
[    0.014748] SRAT: PXM 0 -> APIC 0x77 -> Node 0
[    0.014749] SRAT: PXM 0 -> APIC 0x78 -> Node 0
[    0.014749] SRAT: PXM 0 -> APIC 0x79 -> Node 0
[    0.014750] SRAT: PXM 0 -> APIC 0x7a -> Node 0
[    0.014750] SRAT: PXM 0 -> APIC 0x7b -> Node 0
[    0.014750] SRAT: PXM 0 -> APIC 0x7c -> Node 0
[    0.014751] SRAT: PXM 0 -> APIC 0x7d -> Node 0
[    0.014751] SRAT: PXM 0 -> APIC 0x7e -> Node 0
[    0.014752] SRAT: PXM 0 -> APIC 0x7f -> Node 0
[    0.014754] ACPI: SRAT: Node 0 PXM 0 [mem 0x00000000-0x0009ffff]
[    0.014755] ACPI: SRAT: Node 0 PXM 0 [mem 0x00100000-0xbfffffff]
[    0.014756] ACPI: SRAT: Node 0 PXM 0 [mem 0x100000000-0x13fffffff]
[    0.014756] ACPI: SRAT: Node 0 PXM 0 [mem 0x140000000-0x103fffffff] hotplug
[    0.014759] NUMA: Node 0 [mem 0x00000000-0x0009ffff] + [mem 0x00100000-0xbfffffff] -> [mem 0x00000000-0xbfffffff]
[    0.014760] NUMA: Node 0 [mem 0x00000000-0xbfffffff] + [mem 0x100000000-0x13fffffff] -> [mem 0x00000000-0x13fffffff]
[    0.014767] NODE_DATA(0) allocated [mem 0x13ffd5000-0x13fffffff]
[    0.015913] Zone ranges:
[    0.015914]   DMA      [mem 0x0000000000001000-0x0000000000ffffff]
[    0.015915]   DMA32    [mem 0x0000000001000000-0x00000000ffffffff]
[    0.015915]   Normal   [mem 0x0000000100000000-0x000000013fffffff]
[    0.015916]   Device   empty
[    0.015917] Movable zone start for each node
[    0.015919] Early memory node ranges
[    0.015920]   node   0: [mem 0x0000000000001000-0x000000000009dfff]
[    0.015920]   node   0: [mem 0x0000000000100000-0x00000000bfecffff]
[    0.015921]   node   0: [mem 0x00000000bff00000-0x00000000bfffffff]
[    0.015921]   node   0: [mem 0x0000000100000000-0x000000013fffffff]
[    0.016028] Zeroed struct page in unavailable ranges: 147 pages
[    0.016029] Initmem setup node 0 [mem 0x0000000000001000-0x000000013fffffff]
[    0.016030] On node 0 totalpages: 1048429
[    0.016031]   DMA zone: 64 pages used for memmap
[    0.016032]   DMA zone: 21 pages reserved
[    0.016032]   DMA zone: 3997 pages, LIFO batch:0
[    0.017303]   DMA32 zone: 12224 pages used for memmap
[    0.017304]   DMA32 zone: 782288 pages, LIFO batch:63
[    0.277424]   Normal zone: 4096 pages used for memmap
[    0.277426]   Normal zone: 262144 pages, LIFO batch:63
[    0.362702] ACPI: PM-Timer IO Port: 0x1008
[    0.362705] ACPI: Local APIC address 0xfee00000
[    0.362709] system APIC only can use physical flat
[    0.362719] ACPI: LAPIC_NMI (acpi_id[0x00] high edge lint[0x1])
[    0.362720] ACPI: LAPIC_NMI (acpi_id[0x01] high edge lint[0x1])
[    0.362720] ACPI: LAPIC_NMI (acpi_id[0x02] high edge lint[0x1])
[    0.362721] ACPI: LAPIC_NMI (acpi_id[0x03] high edge lint[0x1])
[    0.362721] ACPI: LAPIC_NMI (acpi_id[0x04] high edge lint[0x1])
[    0.362721] ACPI: LAPIC_NMI (acpi_id[0x05] high edge lint[0x1])
[    0.362722] ACPI: LAPIC_NMI (acpi_id[0x06] high edge lint[0x1])
[    0.362722] ACPI: LAPIC_NMI (acpi_id[0x07] high edge lint[0x1])
[    0.362723] ACPI: LAPIC_NMI (acpi_id[0x08] high edge lint[0x1])
[    0.362723] ACPI: LAPIC_NMI (acpi_id[0x09] high edge lint[0x1])
[    0.362723] ACPI: LAPIC_NMI (acpi_id[0x0a] high edge lint[0x1])
[    0.362724] ACPI: LAPIC_NMI (acpi_id[0x0b] high edge lint[0x1])
[    0.362724] ACPI: LAPIC_NMI (acpi_id[0x0c] high edge lint[0x1])
[    0.362725] ACPI: LAPIC_NMI (acpi_id[0x0d] high edge lint[0x1])
[    0.362725] ACPI: LAPIC_NMI (acpi_id[0x0e] high edge lint[0x1])
[    0.362725] ACPI: LAPIC_NMI (acpi_id[0x0f] high edge lint[0x1])
[    0.362726] ACPI: LAPIC_NMI (acpi_id[0x10] high edge lint[0x1])
[    0.362726] ACPI: LAPIC_NMI (acpi_id[0x11] high edge lint[0x1])
[    0.362727] ACPI: LAPIC_NMI (acpi_id[0x12] high edge lint[0x1])
[    0.362727] ACPI: LAPIC_NMI (acpi_id[0x13] high edge lint[0x1])
[    0.362727] ACPI: LAPIC_NMI (acpi_id[0x14] high edge lint[0x1])
[    0.362728] ACPI: LAPIC_NMI (acpi_id[0x15] high edge lint[0x1])
[    0.362728] ACPI: LAPIC_NMI (acpi_id[0x16] high edge lint[0x1])
[    0.362729] ACPI: LAPIC_NMI (acpi_id[0x17] high edge lint[0x1])
[    0.362729] ACPI: LAPIC_NMI (acpi_id[0x18] high edge lint[0x1])
[    0.362729] ACPI: LAPIC_NMI (acpi_id[0x19] high edge lint[0x1])
[    0.362730] ACPI: LAPIC_NMI (acpi_id[0x1a] high edge lint[0x1])
[    0.362730] ACPI: LAPIC_NMI (acpi_id[0x1b] high edge lint[0x1])
[    0.362731] ACPI: LAPIC_NMI (acpi_id[0x1c] high edge lint[0x1])
[    0.362731] ACPI: LAPIC_NMI (acpi_id[0x1d] high edge lint[0x1])
[    0.362731] ACPI: LAPIC_NMI (acpi_id[0x1e] high edge lint[0x1])
[    0.362732] ACPI: LAPIC_NMI (acpi_id[0x1f] high edge lint[0x1])
[    0.362732] ACPI: LAPIC_NMI (acpi_id[0x20] high edge lint[0x1])
[    0.362733] ACPI: LAPIC_NMI (acpi_id[0x21] high edge lint[0x1])
[    0.362733] ACPI: LAPIC_NMI (acpi_id[0x22] high edge lint[0x1])
[    0.362733] ACPI: LAPIC_NMI (acpi_id[0x23] high edge lint[0x1])
[    0.362734] ACPI: LAPIC_NMI (acpi_id[0x24] high edge lint[0x1])
[    0.362734] ACPI: LAPIC_NMI (acpi_id[0x25] high edge lint[0x1])
[    0.362735] ACPI: LAPIC_NMI (acpi_id[0x26] high edge lint[0x1])
[    0.362735] ACPI: LAPIC_NMI (acpi_id[0x27] high edge lint[0x1])
[    0.362735] ACPI: LAPIC_NMI (acpi_id[0x28] high edge lint[0x1])
[    0.362736] ACPI: LAPIC_NMI (acpi_id[0x29] high edge lint[0x1])
[    0.362736] ACPI: LAPIC_NMI (acpi_id[0x2a] high edge lint[0x1])
[    0.362737] ACPI: LAPIC_NMI (acpi_id[0x2b] high edge lint[0x1])
[    0.362737] ACPI: LAPIC_NMI (acpi_id[0x2c] high edge lint[0x1])
[    0.362737] ACPI: LAPIC_NMI (acpi_id[0x2d] high edge lint[0x1])
[    0.362738] ACPI: LAPIC_NMI (acpi_id[0x2e] high edge lint[0x1])
[    0.362738] ACPI: LAPIC_NMI (acpi_id[0x2f] high edge lint[0x1])
[    0.362739] ACPI: LAPIC_NMI (acpi_id[0x30] high edge lint[0x1])
[    0.362739] ACPI: LAPIC_NMI (acpi_id[0x31] high edge lint[0x1])
[    0.362739] ACPI: LAPIC_NMI (acpi_id[0x32] high edge lint[0x1])
[    0.362740] ACPI: LAPIC_NMI (acpi_id[0x33] high edge lint[0x1])
[    0.362740] ACPI: LAPIC_NMI (acpi_id[0x34] high edge lint[0x1])
[    0.362741] ACPI: LAPIC_NMI (acpi_id[0x35] high edge lint[0x1])
[    0.362741] ACPI: LAPIC_NMI (acpi_id[0x36] high edge lint[0x1])
[    0.362741] ACPI: LAPIC_NMI (acpi_id[0x37] high edge lint[0x1])
[    0.362742] ACPI: LAPIC_NMI (acpi_id[0x38] high edge lint[0x1])
[    0.362742] ACPI: LAPIC_NMI (acpi_id[0x39] high edge lint[0x1])
[    0.362743] ACPI: LAPIC_NMI (acpi_id[0x3a] high edge lint[0x1])
[    0.362743] ACPI: LAPIC_NMI (acpi_id[0x3b] high edge lint[0x1])
[    0.362743] ACPI: LAPIC_NMI (acpi_id[0x3c] high edge lint[0x1])
[    0.362744] ACPI: LAPIC_NMI (acpi_id[0x3d] high edge lint[0x1])
[    0.362744] ACPI: LAPIC_NMI (acpi_id[0x3e] high edge lint[0x1])
[    0.362745] ACPI: LAPIC_NMI (acpi_id[0x3f] high edge lint[0x1])
[    0.362745] ACPI: LAPIC_NMI (acpi_id[0x40] high edge lint[0x1])
[    0.362745] ACPI: LAPIC_NMI (acpi_id[0x41] high edge lint[0x1])
[    0.362746] ACPI: LAPIC_NMI (acpi_id[0x42] high edge lint[0x1])
[    0.362746] ACPI: LAPIC_NMI (acpi_id[0x43] high edge lint[0x1])
[    0.362747] ACPI: LAPIC_NMI (acpi_id[0x44] high edge lint[0x1])
[    0.362747] ACPI: LAPIC_NMI (acpi_id[0x45] high edge lint[0x1])
[    0.362747] ACPI: LAPIC_NMI (acpi_id[0x46] high edge lint[0x1])
[    0.362748] ACPI: LAPIC_NMI (acpi_id[0x47] high edge lint[0x1])
[    0.362748] ACPI: LAPIC_NMI (acpi_id[0x48] high edge lint[0x1])
[    0.362748] ACPI: LAPIC_NMI (acpi_id[0x49] high edge lint[0x1])
[    0.362749] ACPI: LAPIC_NMI (acpi_id[0x4a] high edge lint[0x1])
[    0.362749] ACPI: LAPIC_NMI (acpi_id[0x4b] high edge lint[0x1])
[    0.362750] ACPI: LAPIC_NMI (acpi_id[0x4c] high edge lint[0x1])
[    0.362750] ACPI: LAPIC_NMI (acpi_id[0x4d] high edge lint[0x1])
[    0.362750] ACPI: LAPIC_NMI (acpi_id[0x4e] high edge lint[0x1])
[    0.362751] ACPI: LAPIC_NMI (acpi_id[0x4f] high edge lint[0x1])
[    0.362751] ACPI: LAPIC_NMI (acpi_id[0x50] high edge lint[0x1])
[    0.362752] ACPI: LAPIC_NMI (acpi_id[0x51] high edge lint[0x1])
[    0.362752] ACPI: LAPIC_NMI (acpi_id[0x52] high edge lint[0x1])
[    0.362752] ACPI: LAPIC_NMI (acpi_id[0x53] high edge lint[0x1])
[    0.362753] ACPI: LAPIC_NMI (acpi_id[0x54] high edge lint[0x1])
[    0.362753] ACPI: LAPIC_NMI (acpi_id[0x55] high edge lint[0x1])
[    0.362754] ACPI: LAPIC_NMI (acpi_id[0x56] high edge lint[0x1])
[    0.362754] ACPI: LAPIC_NMI (acpi_id[0x57] high edge lint[0x1])
[    0.362754] ACPI: LAPIC_NMI (acpi_id[0x58] high edge lint[0x1])
[    0.362755] ACPI: LAPIC_NMI (acpi_id[0x59] high edge lint[0x1])
[    0.362755] ACPI: LAPIC_NMI (acpi_id[0x5a] high edge lint[0x1])
[    0.362756] ACPI: LAPIC_NMI (acpi_id[0x5b] high edge lint[0x1])
[    0.362756] ACPI: LAPIC_NMI (acpi_id[0x5c] high edge lint[0x1])
[    0.362756] ACPI: LAPIC_NMI (acpi_id[0x5d] high edge lint[0x1])
[    0.362757] ACPI: LAPIC_NMI (acpi_id[0x5e] high edge lint[0x1])
[    0.362757] ACPI: LAPIC_NMI (acpi_id[0x5f] high edge lint[0x1])
[    0.362758] ACPI: LAPIC_NMI (acpi_id[0x60] high edge lint[0x1])
[    0.362758] ACPI: LAPIC_NMI (acpi_id[0x61] high edge lint[0x1])
[    0.362758] ACPI: LAPIC_NMI (acpi_id[0x62] high edge lint[0x1])
[    0.362759] ACPI: LAPIC_NMI (acpi_id[0x63] high edge lint[0x1])
[    0.362759] ACPI: LAPIC_NMI (acpi_id[0x64] high edge lint[0x1])
[    0.362760] ACPI: LAPIC_NMI (acpi_id[0x65] high edge lint[0x1])
[    0.362760] ACPI: LAPIC_NMI (acpi_id[0x66] high edge lint[0x1])
[    0.362760] ACPI: LAPIC_NMI (acpi_id[0x67] high edge lint[0x1])
[    0.362761] ACPI: LAPIC_NMI (acpi_id[0x68] high edge lint[0x1])
[    0.362761] ACPI: LAPIC_NMI (acpi_id[0x69] high edge lint[0x1])
[    0.362762] ACPI: LAPIC_NMI (acpi_id[0x6a] high edge lint[0x1])
[    0.362762] ACPI: LAPIC_NMI (acpi_id[0x6b] high edge lint[0x1])
[    0.362762] ACPI: LAPIC_NMI (acpi_id[0x6c] high edge lint[0x1])
[    0.362763] ACPI: LAPIC_NMI (acpi_id[0x6d] high edge lint[0x1])
[    0.362763] ACPI: LAPIC_NMI (acpi_id[0x6e] high edge lint[0x1])
[    0.362764] ACPI: LAPIC_NMI (acpi_id[0x6f] high edge lint[0x1])
[    0.362764] ACPI: LAPIC_NMI (acpi_id[0x70] high edge lint[0x1])
[    0.362764] ACPI: LAPIC_NMI (acpi_id[0x71] high edge lint[0x1])
[    0.362765] ACPI: LAPIC_NMI (acpi_id[0x72] high edge lint[0x1])
[    0.362765] ACPI: LAPIC_NMI (acpi_id[0x73] high edge lint[0x1])
[    0.362766] ACPI: LAPIC_NMI (acpi_id[0x74] high edge lint[0x1])
[    0.362766] ACPI: LAPIC_NMI (acpi_id[0x75] high edge lint[0x1])
[    0.362766] ACPI: LAPIC_NMI (acpi_id[0x76] high edge lint[0x1])
[    0.362767] ACPI: LAPIC_NMI (acpi_id[0x77] high edge lint[0x1])
[    0.362767] ACPI: LAPIC_NMI (acpi_id[0x78] high edge lint[0x1])
[    0.362768] ACPI: LAPIC_NMI (acpi_id[0x79] high edge lint[0x1])
[    0.362768] ACPI: LAPIC_NMI (acpi_id[0x7a] high edge lint[0x1])
[    0.362768] ACPI: LAPIC_NMI (acpi_id[0x7b] high edge lint[0x1])
[    0.362769] ACPI: LAPIC_NMI (acpi_id[0x7c] high edge lint[0x1])
[    0.362769] ACPI: LAPIC_NMI (acpi_id[0x7d] high edge lint[0x1])
[    0.362770] ACPI: LAPIC_NMI (acpi_id[0x7e] high edge lint[0x1])
[    0.362770] ACPI: LAPIC_NMI (acpi_id[0x7f] high edge lint[0x1])
[    0.362802] IOAPIC[0]: apic_id 128, version 32, address 0xfec00000, GSI 0-23
[    0.362805] ACPI: INT_SRC_OVR (bus 0 bus_irq 0 global_irq 2 high edge)
[    0.362808] ACPI: IRQ0 used by override.
[    0.362808] ACPI: IRQ9 used by override.
[    0.362811] Using ACPI (MADT) for SMP configuration information
[    0.362813] ACPI: HPET id: 0x8086af01 base: 0xfed00000
[    0.362822] smpboot: Allowing 128 CPUs, 124 hotplug CPUs
[    0.362834] PM: Registered nosave memory: [mem 0x00000000-0x00000fff]
[    0.362835] PM: Registered nosave memory: [mem 0x0009e000-0x0009efff]
[    0.362835] PM: Registered nosave memory: [mem 0x0009f000-0x0009ffff]
[    0.362836] PM: Registered nosave memory: [mem 0x000a0000-0x000dbfff]
[    0.362836] PM: Registered nosave memory: [mem 0x000dc000-0x000fffff]
[    0.362837] PM: Registered nosave memory: [mem 0xbfed0000-0xbfefefff]
[    0.362837] PM: Registered nosave memory: [mem 0xbfeff000-0xbfefffff]
[    0.362838] PM: Registered nosave memory: [mem 0xc0000000-0xefffffff]
[    0.362839] PM: Registered nosave memory: [mem 0xf0000000-0xf7ffffff]
[    0.362839] PM: Registered nosave memory: [mem 0xf8000000-0xfebfffff]
[    0.362839] PM: Registered nosave memory: [mem 0xfec00000-0xfec0ffff]
[    0.362840] PM: Registered nosave memory: [mem 0xfec10000-0xfedfffff]
[    0.362840] PM: Registered nosave memory: [mem 0xfee00000-0xfee00fff]
[    0.362840] PM: Registered nosave memory: [mem 0xfee01000-0xfffdffff]
[    0.362841] PM: Registered nosave memory: [mem 0xfffe0000-0xffffffff]
[    0.362842] [mem 0xc0000000-0xefffffff] available for PCI devices
[    0.362843] Booting paravirtualized kernel on VMware hypervisor
[    0.362845] clocksource: refined-jiffies: mask: 0xffffffff max_cycles: 0xffffffff, max_idle_ns: 1910969940391419 ns
[    0.362854] random: get_random_bytes called from start_kernel+0x97/0x516 with crng_init=0
[    0.362882] setup_percpu: NR_CPUS:8192 nr_cpumask_bits:128 nr_cpu_ids:128 nr_node_ids:1
[    0.516209] percpu: Embedded 46 pages/cpu s151552 r8192 d28672 u262144
[    0.516219] pcpu-alloc: s151552 r8192 d28672 u262144 alloc=1*2097152
[    0.516220] pcpu-alloc: [0] 000 001 002 003 004 005 006 007 
[    0.516222] pcpu-alloc: [0] 008 009 010 011 012 013 014 015 
[    0.516224] pcpu-alloc: [0] 016 017 018 019 020 021 022 023 
[    0.516225] pcpu-alloc: [0] 024 025 026 027 028 029 030 031 
[    0.516226] pcpu-alloc: [0] 032 033 034 035 036 037 038 039 
[    0.516228] pcpu-alloc: [0] 040 041 042 043 044 045 046 047 
[    0.516229] pcpu-alloc: [0] 048 049 050 051 052 053 054 055 
[    0.516230] pcpu-alloc: [0] 056 057 058 059 060 061 062 063 
[    0.516232] pcpu-alloc: [0] 064 065 066 067 068 069 070 071 
[    0.516233] pcpu-alloc: [0] 072 073 074 075 076 077 078 079 
[    0.516235] pcpu-alloc: [0] 080 081 082 083 084 085 086 087 
[    0.516236] pcpu-alloc: [0] 088 089 090 091 092 093 094 095 
[    0.516237] pcpu-alloc: [0] 096 097 098 099 100 101 102 103 
[    0.516239] pcpu-alloc: [0] 104 105 106 107 108 109 110 111 
[    0.516240] pcpu-alloc: [0] 112 113 114 115 116 117 118 119 
[    0.516241] pcpu-alloc: [0] 120 121 122 123 124 125 126 127 
[    0.516326] Built 1 zonelists, mobility grouping on.  Total pages: 1032024
[    0.516327] Policy zone: Normal
[    0.516329] Kernel command line: BOOT_IMAGE=/boot/vmlinuz-5.0.10 root=UUID=966cbf75-431f-4516-96a0-99573254d3b8 ro find_preseed=/preseed.cfg auto noprompt priority=critical locale=en_US quiet
[    0.516430] printk: log_buf_len individual max cpu contribution: 4096 bytes
[    0.516431] printk: log_buf_len total cpu_extra contributions: 520192 bytes
[    0.516431] printk: log_buf_len min size: 262144 bytes
[    0.521360] printk: log_buf_len: 1048576 bytes
[    0.521361] printk: early log buf free: 235084(89%)
[    0.672941] Calgary: detecting Calgary via BIOS EBDA area
[    0.672943] Calgary: Unable to locate Rio Grande table in EBDA - bailing!
[    0.680184] Memory: 3347192K/4193716K available (14339K kernel code, 2333K rwdata, 4276K rodata, 2564K init, 5220K bss, 846524K reserved, 0K cma-reserved)
[    0.681307] SLUB: HWalign=64, Order=0-3, MinObjects=0, CPUs=128, Nodes=1
[    0.681353] Kernel/User page tables isolation: enabled
[    0.681925] ftrace: allocating 41348 entries in 162 pages
[    0.700006] rcu: Hierarchical RCU implementation.
[    0.700008] rcu: 	RCU restricting CPUs from NR_CPUS=8192 to nr_cpu_ids=128.
[    0.700009] 	Tasks RCU enabled.
[    0.700009] rcu: RCU calculated value of scheduler-enlistment delay is 100 jiffies.
[    0.700010] rcu: Adjusting geometry for rcu_fanout_leaf=16, nr_cpu_ids=128
[    0.703288] NR_IRQS: 524544, nr_irqs: 1448, preallocated irqs: 16
[    0.705492] Console: colour VGA+ 80x25
[    0.705497] printk: console [tty0] enabled
[    0.705688] ACPI: Core revision 20181213
[    0.706336] clocksource: hpet: mask: 0xffffffff max_cycles: 0xffffffff, max_idle_ns: 133484882848 ns
[    0.706409] hpet clockevent registered
[    0.706433] APIC: Switch to symmetric I/O mode setup
[    0.706869] x2apic enabled
[    0.707296] Switched APIC routing to physical x2apic.
[    0.708297] ..TIMER: vector=0x30 apic1=0 pin1=2 apic2=-1 pin2=-1
[    0.708321] clocksource: tsc-early: mask: 0xffffffffffffffff max_cycles: 0x2135f7c97c8, max_idle_ns: 440795273205 ns
[    0.708336] Calibrating delay loop (skipped) preset value.. 4608.00 BogoMIPS (lpj=2304000)
[    0.708338] pid_max: default: 131072 minimum: 1024
[    0.708420] LSM: Security Framework initializing
[    0.708421] Yama: becoming mindful.
[    0.708424] SELinux:  Initializing.
[    0.709354] AppArmor: AppArmor disabled by boot time parameter
[    0.730731] Dentry cache hash table entries: 524288 (order: 10, 4194304 bytes)
[    0.741082] Inode-cache hash table entries: 262144 (order: 9, 2097152 bytes)
[    0.741395] Mount-cache hash table entries: 8192 (order: 4, 65536 bytes)
[    0.741716] Mountpoint-cache hash table entries: 8192 (order: 4, 65536 bytes)
[    0.742738] Disabled fast string operations
[    0.742754] mce: CPU supports 8 MCE banks
[    0.742801] Last level iTLB entries: 4KB 128, 2MB 8, 4MB 8
[    0.742802] Last level dTLB entries: 4KB 64, 2MB 0, 4MB 0, 1GB 4
[    0.742804] Spectre V2 : Mitigation: Full generic retpoline
[    0.742804] Spectre V2 : Spectre v2 / SpectreRSB mitigation: Filling RSB on context switch
[    0.742804] Spectre V2 : Enabling Restricted Speculation for firmware calls
[    0.742814] Spectre V2 : mitigation: Enabling conditional Indirect Branch Prediction Barrier
[    0.742815] Speculative Store Bypass: Mitigation: Speculative Store Bypass disabled via prctl and seccomp
[    0.743000] Freeing SMP alternatives memory: 36K
[    0.747994] TSC deadline timer enabled
[    0.748018] smpboot: CPU0: Intel(R) Core(TM) i5-6300HQ CPU @ 2.30GHz (family: 0x6, model: 0x5e, stepping: 0x3)
[    0.748322] Performance Events: Skylake events, core PMU driver.
[    0.748322] core: CPUID marked event: 'cpu cycles' unavailable
[    0.748322] core: CPUID marked event: 'instructions' unavailable
[    0.748322] core: CPUID marked event: 'bus cycles' unavailable
[    0.748322] core: CPUID marked event: 'cache references' unavailable
[    0.748322] core: CPUID marked event: 'cache misses' unavailable
[    0.748322] core: CPUID marked event: 'branch instructions' unavailable
[    0.748322] core: CPUID marked event: 'branch misses' unavailable
[    0.748322] ... version:                1
[    0.748322] ... bit width:              48
[    0.748322] ... generic registers:      8
[    0.748322] ... value mask:             0000ffffffffffff
[    0.748322] ... max period:             000000007fffffff
[    0.748322] ... fixed-purpose events:   0
[    0.748322] ... event mask:             00000000000000ff
[    0.748322] rcu: Hierarchical SRCU implementation.
[    0.749108] random: crng done (trusting CPU's manufacturer)
[    0.749207] NMI watchdog: Perf NMI watchdog permanently disabled
[    0.766739] smp: Bringing up secondary CPUs ...
[    0.767655] x86: Booting SMP configuration:
[    0.767656] .... node  #0, CPUs:          #1
[    0.003720] Disabled fast string operations
[    0.770217]    #2
[    0.003720] Disabled fast string operations
[    0.771687]    #3
[    0.003720] Disabled fast string operations
[    0.772505] smp: Brought up 1 node, 4 CPUs
[    0.772505] smpboot: Max logical packages: 64
[    0.772505] smpboot: Total of 4 processors activated (18432.00 BogoMIPS)
[    0.776330] devtmpfs: initialized
[    0.776417] x86/mm: Memory block size: 128MB
[    0.777790] PM: Registering ACPI NVS region [mem 0xbfeff000-0xbfefffff] (4096 bytes)
[    0.778529] clocksource: jiffies: mask: 0xffffffff max_cycles: 0xffffffff, max_idle_ns: 1911260446275000 ns
[    0.778529] futex hash table entries: 32768 (order: 9, 2097152 bytes)
[    0.790322] pinctrl core: initialized pinctrl subsystem
[    0.790533] RTC time: 08:30:28, date: 2020-04-14
[    0.791740] NET: Registered protocol family 16
[    0.791920] audit: initializing netlink subsys (disabled)
[    0.792450] audit: type=2000 audit(1586853028.086:1): state=initialized audit_enabled=0 res=1
[    0.793024] EISA bus registered
[    0.793343] cpuidle: using governor ladder
[    0.794341] cpuidle: using governor menu
[    0.794398] Simple Boot Flag at 0x36 set to 0x80
[    0.794416] ACPI: bus type PCI registered
[    0.794417] acpiphp: ACPI Hot Plug PCI Controller Driver version: 0.5
[    0.795078] PCI: MMCONFIG for domain 0000 [bus 00-7f] at [mem 0xf0000000-0xf7ffffff] (base 0xf0000000)
[    0.795080] PCI: MMCONFIG at [mem 0xf0000000-0xf7ffffff] reserved in E820
[    0.795088] PCI: Using configuration type 1 for base access
[    0.799468] HugeTLB registered 1.00 GiB page size, pre-allocated 0 pages
[    0.799468] HugeTLB registered 2.00 MiB page size, pre-allocated 0 pages
[    0.802871] ACPI: Added _OSI(Module Device)
[    0.802872] ACPI: Added _OSI(Processor Device)
[    0.802873] ACPI: Added _OSI(3.0 _SCP Extensions)
[    0.802873] ACPI: Added _OSI(Processor Aggregator Device)
[    0.802874] ACPI: Added _OSI(Linux-Dell-Video)
[    0.802875] ACPI: Added _OSI(Linux-Lenovo-NV-HDMI-Audio)
[    0.802875] ACPI: Added _OSI(Linux-HPI-Hybrid-Graphics)
[    0.823322] ACPI: 1 ACPI AML tables successfully acquired and loaded
[    0.826322] ACPI: [Firmware Bug]: BIOS _OSI(Linux) query ignored
[    0.850697] ACPI: Interpreter enabled
[    0.850710] ACPI: (supports S0 S1 S4 S5)
[    0.850711] ACPI: Using IOAPIC for interrupt routing
[    0.850731] PCI: Using host bridge windows from ACPI; if necessary, use "pci=nocrs" and report a bug
[    0.851757] ACPI: Enabled 4 GPEs in block 00 to 0F
[    1.101200] ACPI: PCI Root Bridge [PCI0] (domain 0000 [bus 00-7f])
[    1.101207] acpi PNP0A03:00: _OSC: OS supports [ExtendedConfig ASPM ClockPM Segments MSI]
[    1.101382] acpi PNP0A03:00: _OSC: platform does not support [AER LTR]
[    1.101609] acpi PNP0A03:00: _OSC: OS now controls [PCIeHotplug SHPCHotplug PME PCIeCapability]
[    1.104057] PCI host bridge to bus 0000:00
[    1.104058] pci_bus 0000:00: root bus resource [mem 0x000a0000-0x000bffff window]
[    1.104059] pci_bus 0000:00: root bus resource [mem 0x000d0000-0x000d3fff window]
[    1.104060] pci_bus 0000:00: root bus resource [mem 0x000d4000-0x000d7fff window]
[    1.104061] pci_bus 0000:00: root bus resource [mem 0x000d8000-0x000dbfff window]
[    1.104061] pci_bus 0000:00: root bus resource [mem 0xc0000000-0xfebfffff window]
[    1.104062] pci_bus 0000:00: root bus resource [io  0x0000-0x0cf7 window]
[    1.104063] pci_bus 0000:00: root bus resource [io  0x0d00-0xfeff window]
[    1.104064] pci_bus 0000:00: root bus resource [bus 00-7f]
[    1.104121] pci 0000:00:00.0: [8086:7190] type 00 class 0x060000
[    1.105228] pci 0000:00:01.0: [8086:7191] type 01 class 0x060400
[    1.107049] pci 0000:00:07.0: [8086:7110] type 00 class 0x060100
[    1.108295] pci 0000:00:07.1: [8086:7111] type 00 class 0x01018a
[    1.111014] pci 0000:00:07.1: reg 0x20: [io  0x1060-0x106f]
[    1.111855] pci 0000:00:07.1: legacy IDE quirk: reg 0x10: [io  0x01f0-0x01f7]
[    1.111856] pci 0000:00:07.1: legacy IDE quirk: reg 0x14: [io  0x03f6]
[    1.111857] pci 0000:00:07.1: legacy IDE quirk: reg 0x18: [io  0x0170-0x0177]
[    1.111857] pci 0000:00:07.1: legacy IDE quirk: reg 0x1c: [io  0x0376]
[    1.112327] pci 0000:00:07.3: [8086:7113] type 00 class 0x068000
[    1.115859] pci 0000:00:07.3: quirk: [io  0x1000-0x103f] claimed by PIIX4 ACPI
[    1.115890] pci 0000:00:07.3: quirk: [io  0x1040-0x104f] claimed by PIIX4 SMB
[    1.116341] pci 0000:00:07.7: [15ad:0740] type 00 class 0x088000
[    1.117299] pci 0000:00:07.7: reg 0x10: [io  0x1080-0x10bf]
[    1.117964] pci 0000:00:07.7: reg 0x14: [mem 0xfebfe000-0xfebfffff 64bit]
[    1.124341] pci 0000:00:0f.0: [15ad:0405] type 00 class 0x030000
[    1.126349] pci 0000:00:0f.0: reg 0x10: [io  0x1070-0x107f]
[    1.128329] pci 0000:00:0f.0: reg 0x14: [mem 0xe8000000-0xefffffff pref]
[    1.130350] pci 0000:00:0f.0: reg 0x18: [mem 0xfe000000-0xfe7fffff]
[    1.138330] pci 0000:00:0f.0: reg 0x30: [mem 0x00000000-0x00007fff pref]
[    1.139284] pci 0000:00:10.0: [1000:0030] type 00 class 0x010000
[    1.140345] pci 0000:00:10.0: reg 0x10: [io  0x1400-0x14ff]
[    1.142184] pci 0000:00:10.0: reg 0x14: [mem 0xfeba0000-0xfebbffff 64bit]
[    1.143207] pci 0000:00:10.0: reg 0x1c: [mem 0xfebc0000-0xfebdffff 64bit]
[    1.145321] pci 0000:00:10.0: reg 0x30: [mem 0x00000000-0x00003fff pref]
[    1.146233] pci 0000:00:11.0: [15ad:0790] type 01 class 0x060401
[    1.148094] pci 0000:00:15.0: [15ad:07a0] type 01 class 0x060400
[    1.149229] pci 0000:00:15.0: PME# supported from D0 D3hot D3cold
[    1.149835] pci 0000:00:15.1: [15ad:07a0] type 01 class 0x060400
[    1.151706] pci 0000:00:15.1: PME# supported from D0 D3hot D3cold
[    1.152715] pci 0000:00:15.2: [15ad:07a0] type 01 class 0x060400
[    1.154322] pci 0000:00:15.2: PME# supported from D0 D3hot D3cold
[    1.154942] pci 0000:00:15.3: [15ad:07a0] type 01 class 0x060400
[    1.156091] pci 0000:00:15.3: PME# supported from D0 D3hot D3cold
[    1.156635] pci 0000:00:15.4: [15ad:07a0] type 01 class 0x060400
[    1.157796] pci 0000:00:15.4: PME# supported from D0 D3hot D3cold
[    1.158352] pci 0000:00:15.5: [15ad:07a0] type 01 class 0x060400
[    1.159560] pci 0000:00:15.5: PME# supported from D0 D3hot D3cold
[    1.160101] pci 0000:00:15.6: [15ad:07a0] type 01 class 0x060400
[    1.161242] pci 0000:00:15.6: PME# supported from D0 D3hot D3cold
[    1.161835] pci 0000:00:15.7: [15ad:07a0] type 01 class 0x060400
[    1.162973] pci 0000:00:15.7: PME# supported from D0 D3hot D3cold
[    1.163670] pci 0000:00:16.0: [15ad:07a0] type 01 class 0x060400
[    1.164759] pci 0000:00:16.0: PME# supported from D0 D3hot D3cold
[    1.165364] pci 0000:00:16.1: [15ad:07a0] type 01 class 0x060400
[    1.166503] pci 0000:00:16.1: PME# supported from D0 D3hot D3cold
[    1.167235] pci 0000:00:16.2: [15ad:07a0] type 01 class 0x060400
[    1.168322] pci 0000:00:16.2: PME# supported from D0 D3hot D3cold
[    1.168852] pci 0000:00:16.3: [15ad:07a0] type 01 class 0x060400
[    1.169996] pci 0000:00:16.3: PME# supported from D0 D3hot D3cold
[    1.170633] pci 0000:00:16.4: [15ad:07a0] type 01 class 0x060400
[    1.171768] pci 0000:00:16.4: PME# supported from D0 D3hot D3cold
[    1.172362] pci 0000:00:16.5: [15ad:07a0] type 01 class 0x060400
[    1.173519] pci 0000:00:16.5: PME# supported from D0 D3hot D3cold
[    1.174152] pci 0000:00:16.6: [15ad:07a0] type 01 class 0x060400
[    1.175310] pci 0000:00:16.6: PME# supported from D0 D3hot D3cold
[    1.175823] pci 0000:00:16.7: [15ad:07a0] type 01 class 0x060400
[    1.177067] pci 0000:00:16.7: PME# supported from D0 D3hot D3cold
[    1.177659] pci 0000:00:17.0: [15ad:07a0] type 01 class 0x060400
[    1.178846] pci 0000:00:17.0: PME# supported from D0 D3hot D3cold
[    1.179398] pci 0000:00:17.1: [15ad:07a0] type 01 class 0x060400
[    1.180579] pci 0000:00:17.1: PME# supported from D0 D3hot D3cold
[    1.181304] pci 0000:00:17.2: [15ad:07a0] type 01 class 0x060400
[    1.182485] pci 0000:00:17.2: PME# supported from D0 D3hot D3cold
[    1.183118] pci 0000:00:17.3: [15ad:07a0] type 01 class 0x060400
[    1.184318] pci 0000:00:17.3: PME# supported from D0 D3hot D3cold
[    1.184964] pci 0000:00:17.4: [15ad:07a0] type 01 class 0x060400
[    1.186117] pci 0000:00:17.4: PME# supported from D0 D3hot D3cold
[    1.186742] pci 0000:00:17.5: [15ad:07a0] type 01 class 0x060400
[    1.187918] pci 0000:00:17.5: PME# supported from D0 D3hot D3cold
[    1.188434] pci 0000:00:17.6: [15ad:07a0] type 01 class 0x060400
[    1.189567] pci 0000:00:17.6: PME# supported from D0 D3hot D3cold
[    1.190263] pci 0000:00:17.7: [15ad:07a0] type 01 class 0x060400
[    1.191513] pci 0000:00:17.7: PME# supported from D0 D3hot D3cold
[    1.192326] pci 0000:00:18.0: [15ad:07a0] type 01 class 0x060400
[    1.193463] pci 0000:00:18.0: PME# supported from D0 D3hot D3cold
[    1.194095] pci 0000:00:18.1: [15ad:07a0] type 01 class 0x060400
[    1.195204] pci 0000:00:18.1: PME# supported from D0 D3hot D3cold
[    1.195985] pci 0000:00:18.2: [15ad:07a0] type 01 class 0x060400
[    1.197093] pci 0000:00:18.2: PME# supported from D0 D3hot D3cold
[    1.197650] pci 0000:00:18.3: [15ad:07a0] type 01 class 0x060400
[    1.198794] pci 0000:00:18.3: PME# supported from D0 D3hot D3cold
[    1.199326] pci 0000:00:18.4: [15ad:07a0] type 01 class 0x060400
[    1.200892] pci 0000:00:18.4: PME# supported from D0 D3hot D3cold
[    1.201495] pci 0000:00:18.5: [15ad:07a0] type 01 class 0x060400
[    1.202645] pci 0000:00:18.5: PME# supported from D0 D3hot D3cold
[    1.203173] pci 0000:00:18.6: [15ad:07a0] type 01 class 0x060400
[    1.204306] pci 0000:00:18.6: PME# supported from D0 D3hot D3cold
[    1.204917] pci 0000:00:18.7: [15ad:07a0] type 01 class 0x060400
[    1.206063] pci 0000:00:18.7: PME# supported from D0 D3hot D3cold
[    1.208282] pci_bus 0000:01: extended config space not accessible
[    1.212322] pci 0000:00:01.0: PCI bridge to [bus 01]
[    1.212580] pci_bus 0000:02: extended config space not accessible
[    1.212897] acpiphp: Slot [32] registered
[    1.212922] acpiphp: Slot [33] registered
[    1.212944] acpiphp: Slot [34] registered
[    1.213001] acpiphp: Slot [35] registered
[    1.213084] acpiphp: Slot [36] registered
[    1.213107] acpiphp: Slot [37] registered
[    1.213129] acpiphp: Slot [38] registered
[    1.213151] acpiphp: Slot [39] registered
[    1.213194] acpiphp: Slot [40] registered
[    1.213217] acpiphp: Slot [41] registered
[    1.213294] acpiphp: Slot [42] registered
[    1.213319] acpiphp: Slot [43] registered
[    1.213334] acpiphp: Slot [44] registered
[    1.213357] acpiphp: Slot [45] registered
[    1.213378] acpiphp: Slot [46] registered
[    1.213400] acpiphp: Slot [47] registered
[    1.213421] acpiphp: Slot [48] registered
[    1.213442] acpiphp: Slot [49] registered
[    1.213463] acpiphp: Slot [50] registered
[    1.213485] acpiphp: Slot [51] registered
[    1.213506] acpiphp: Slot [52] registered
[    1.213527] acpiphp: Slot [53] registered
[    1.213589] acpiphp: Slot [54] registered
[    1.213612] acpiphp: Slot [55] registered
[    1.213634] acpiphp: Slot [56] registered
[    1.213655] acpiphp: Slot [57] registered
[    1.213676] acpiphp: Slot [58] registered
[    1.213698] acpiphp: Slot [59] registered
[    1.213719] acpiphp: Slot [60] registered
[    1.213740] acpiphp: Slot [61] registered
[    1.213762] acpiphp: Slot [62] registered
[    1.213783] acpiphp: Slot [63] registered
[    1.213873] pci 0000:02:00.0: [15ad:0774] type 00 class 0x0c0300
[    1.216937] pci 0000:02:00.0: reg 0x20: [io  0x2080-0x209f]
[    1.218563] pci 0000:02:01.0: [8086:100f] type 00 class 0x020000
[    1.220322] pci 0000:02:01.0: reg 0x10: [mem 0xfd5c0000-0xfd5dffff 64bit]
[    1.221327] pci 0000:02:01.0: reg 0x18: [mem 0xfdff0000-0xfdffffff 64bit]
[    1.222328] pci 0000:02:01.0: reg 0x20: [io  0x2000-0x203f]
[    1.224092] pci 0000:02:01.0: reg 0x30: [mem 0x00000000-0x0000ffff pref]
[    1.224498] pci 0000:02:01.0: PME# supported from D0 D3hot D3cold
[    1.225301] pci 0000:02:02.0: [1274:1371] type 00 class 0x040100
[    1.225807] pci 0000:02:02.0: reg 0x10: [io  0x2040-0x207f]
[    1.229201] pci 0000:02:03.0: [15ad:0770] type 00 class 0x0c0320
[    1.229708] pci 0000:02:03.0: reg 0x10: [mem 0xfd5ef000-0xfd5effff]
[    1.233649] pci 0000:02:05.0: [15ad:07e0] type 00 class 0x010601
[    1.236805] pci 0000:02:05.0: reg 0x24: [mem 0xfd5ee000-0xfd5eefff]
[    1.237236] pci 0000:02:05.0: reg 0x30: [mem 0x00000000-0x0000ffff pref]
[    1.237769] pci 0000:02:05.0: PME# supported from D3hot
[    1.243515] pci 0000:00:11.0: PCI bridge to [bus 02] (subtractive decode)
[    1.243543] pci 0000:00:11.0:   bridge window [io  0x2000-0x3fff]
[    1.243569] pci 0000:00:11.0:   bridge window [mem 0xfd500000-0xfdffffff]
[    1.243619] pci 0000:00:11.0:   bridge window [mem 0xe7b00000-0xe7ffffff 64bit pref]
[    1.243620] pci 0000:00:11.0:   bridge window [mem 0x000a0000-0x000bffff window] (subtractive decode)
[    1.243621] pci 0000:00:11.0:   bridge window [mem 0x000d0000-0x000d3fff window] (subtractive decode)
[    1.243622] pci 0000:00:11.0:   bridge window [mem 0x000d4000-0x000d7fff window] (subtractive decode)
[    1.243623] pci 0000:00:11.0:   bridge window [mem 0x000d8000-0x000dbfff window] (subtractive decode)
[    1.243623] pci 0000:00:11.0:   bridge window [mem 0xc0000000-0xfebfffff window] (subtractive decode)
[    1.243624] pci 0000:00:11.0:   bridge window [io  0x0000-0x0cf7 window] (subtractive decode)
[    1.243625] pci 0000:00:11.0:   bridge window [io  0x0d00-0xfeff window] (subtractive decode)
[    1.247832] pci 0000:00:15.0: PCI bridge to [bus 03]
[    1.247861] pci 0000:00:15.0:   bridge window [io  0x4000-0x4fff]
[    1.247887] pci 0000:00:15.0:   bridge window [mem 0xfd400000-0xfd4fffff]
[    1.247937] pci 0000:00:15.0:   bridge window [mem 0xe7a00000-0xe7afffff 64bit pref]
[    1.252322] pci 0000:00:15.1: PCI bridge to [bus 04]
[    1.252338] pci 0000:00:15.1:   bridge window [io  0x8000-0x8fff]
[    1.252364] pci 0000:00:15.1:   bridge window [mem 0xfd000000-0xfd0fffff]
[    1.252412] pci 0000:00:15.1:   bridge window [mem 0xe7600000-0xe76fffff 64bit pref]
[    1.256322] pci 0000:00:15.2: PCI bridge to [bus 05]
[    1.256338] pci 0000:00:15.2:   bridge window [io  0xc000-0xcfff]
[    1.256363] pci 0000:00:15.2:   bridge window [mem 0xfcc00000-0xfccfffff]
[    1.256412] pci 0000:00:15.2:   bridge window [mem 0xe7200000-0xe72fffff 64bit pref]
[    1.261279] pci 0000:00:15.3: PCI bridge to [bus 06]
[    1.261398] pci 0000:00:15.3:   bridge window [mem 0xfc800000-0xfc8fffff]
[    1.261447] pci 0000:00:15.3:   bridge window [mem 0xe6e00000-0xe6efffff 64bit pref]
[    1.265555] pci 0000:00:15.4: PCI bridge to [bus 07]
[    1.265607] pci 0000:00:15.4:   bridge window [mem 0xfc400000-0xfc4fffff]
[    1.265656] pci 0000:00:15.4:   bridge window [mem 0xe6a00000-0xe6afffff 64bit pref]
[    1.269657] pci 0000:00:15.5: PCI bridge to [bus 08]
[    1.269710] pci 0000:00:15.5:   bridge window [mem 0xfc000000-0xfc0fffff]
[    1.269759] pci 0000:00:15.5:   bridge window [mem 0xe6600000-0xe66fffff 64bit pref]
[    1.274322] pci 0000:00:15.6: PCI bridge to [bus 09]
[    1.274362] pci 0000:00:15.6:   bridge window [mem 0xfbc00000-0xfbcfffff]
[    1.274411] pci 0000:00:15.6:   bridge window [mem 0xe6200000-0xe62fffff 64bit pref]
[    1.279943] pci 0000:00:15.7: PCI bridge to [bus 0a]
[    1.279995] pci 0000:00:15.7:   bridge window [mem 0xfb800000-0xfb8fffff]
[    1.280045] pci 0000:00:15.7:   bridge window [mem 0xe5e00000-0xe5efffff 64bit pref]
[    1.285322] pci 0000:00:16.0: PCI bridge to [bus 0b]
[    1.285340] pci 0000:00:16.0:   bridge window [io  0x5000-0x5fff]
[    1.285367] pci 0000:00:16.0:   bridge window [mem 0xfd300000-0xfd3fffff]
[    1.285418] pci 0000:00:16.0:   bridge window [mem 0xe7900000-0xe79fffff 64bit pref]
[    1.292113] pci 0000:00:16.1: PCI bridge to [bus 0c]
[    1.292145] pci 0000:00:16.1:   bridge window [io  0x9000-0x9fff]
[    1.292171] pci 0000:00:16.1:   bridge window [mem 0xfcf00000-0xfcffffff]
[    1.292298] pci 0000:00:16.1:   bridge window [mem 0xe7500000-0xe75fffff 64bit pref]
[    1.297322] pci 0000:00:16.2: PCI bridge to [bus 0d]
[    1.297340] pci 0000:00:16.2:   bridge window [io  0xd000-0xdfff]
[    1.297367] pci 0000:00:16.2:   bridge window [mem 0xfcb00000-0xfcbfffff]
[    1.297420] pci 0000:00:16.2:   bridge window [mem 0xe7100000-0xe71fffff 64bit pref]
[    1.303322] pci 0000:00:16.3: PCI bridge to [bus 0e]
[    1.303367] pci 0000:00:16.3:   bridge window [mem 0xfc700000-0xfc7fffff]
[    1.303419] pci 0000:00:16.3:   bridge window [mem 0xe6d00000-0xe6dfffff 64bit pref]
[    1.307953] pci 0000:00:16.4: PCI bridge to [bus 0f]
[    1.308014] pci 0000:00:16.4:   bridge window [mem 0xfc300000-0xfc3fffff]
[    1.308066] pci 0000:00:16.4:   bridge window [mem 0xe6900000-0xe69fffff 64bit pref]
[    1.312514] pci 0000:00:16.5: PCI bridge to [bus 10]
[    1.312573] pci 0000:00:16.5:   bridge window [mem 0xfbf00000-0xfbffffff]
[    1.312626] pci 0000:00:16.5:   bridge window [mem 0xe6500000-0xe65fffff 64bit pref]
[    1.317322] pci 0000:00:16.6: PCI bridge to [bus 11]
[    1.317433] pci 0000:00:16.6:   bridge window [mem 0xfbb00000-0xfbbfffff]
[    1.317487] pci 0000:00:16.6:   bridge window [mem 0xe6100000-0xe61fffff 64bit pref]
[    1.321758] pci 0000:00:16.7: PCI bridge to [bus 12]
[    1.321819] pci 0000:00:16.7:   bridge window [mem 0xfb700000-0xfb7fffff]
[    1.321871] pci 0000:00:16.7:   bridge window [mem 0xe5d00000-0xe5dfffff 64bit pref]
[    1.326322] pci 0000:00:17.0: PCI bridge to [bus 13]
[    1.326362] pci 0000:00:17.0:   bridge window [io  0x6000-0x6fff]
[    1.326389] pci 0000:00:17.0:   bridge window [mem 0xfd200000-0xfd2fffff]
[    1.326456] pci 0000:00:17.0:   bridge window [mem 0xe7800000-0xe78fffff 64bit pref]
[    1.330322] pci 0000:00:17.1: PCI bridge to [bus 14]
[    1.330340] pci 0000:00:17.1:   bridge window [io  0xa000-0xafff]
[    1.330367] pci 0000:00:17.1:   bridge window [mem 0xfce00000-0xfcefffff]
[    1.330421] pci 0000:00:17.1:   bridge window [mem 0xe7400000-0xe74fffff 64bit pref]
[    1.335322] pci 0000:00:17.2: PCI bridge to [bus 15]
[    1.335340] pci 0000:00:17.2:   bridge window [io  0xe000-0xefff]
[    1.335366] pci 0000:00:17.2:   bridge window [mem 0xfca00000-0xfcafffff]
[    1.335462] pci 0000:00:17.2:   bridge window [mem 0xe7000000-0xe70fffff 64bit pref]
[    1.340322] pci 0000:00:17.3: PCI bridge to [bus 16]
[    1.340382] pci 0000:00:17.3:   bridge window [mem 0xfc600000-0xfc6fffff]
[    1.340490] pci 0000:00:17.3:   bridge window [mem 0xe6c00000-0xe6cfffff 64bit pref]
[    1.344355] pci 0000:00:17.4: PCI bridge to [bus 17]
[    1.344414] pci 0000:00:17.4:   bridge window [mem 0xfc200000-0xfc2fffff]
[    1.344467] pci 0000:00:17.4:   bridge window [mem 0xe6800000-0xe68fffff 64bit pref]
[    1.348322] pci 0000:00:17.5: PCI bridge to [bus 18]
[    1.348366] pci 0000:00:17.5:   bridge window [mem 0xfbe00000-0xfbefffff]
[    1.348419] pci 0000:00:17.5:   bridge window [mem 0xe6400000-0xe64fffff 64bit pref]
[    1.352322] pci 0000:00:17.6: PCI bridge to [bus 19]
[    1.352366] pci 0000:00:17.6:   bridge window [mem 0xfba00000-0xfbafffff]
[    1.352418] pci 0000:00:17.6:   bridge window [mem 0xe6000000-0xe60fffff 64bit pref]
[    1.357391] pci 0000:00:17.7: PCI bridge to [bus 1a]
[    1.357451] pci 0000:00:17.7:   bridge window [mem 0xfb600000-0xfb6fffff]
[    1.357503] pci 0000:00:17.7:   bridge window [mem 0xe5c00000-0xe5cfffff 64bit pref]
[    1.362014] pci 0000:00:18.0: PCI bridge to [bus 1b]
[    1.362049] pci 0000:00:18.0:   bridge window [io  0x7000-0x7fff]
[    1.362077] pci 0000:00:18.0:   bridge window [mem 0xfd100000-0xfd1fffff]
[    1.362129] pci 0000:00:18.0:   bridge window [mem 0xe7700000-0xe77fffff 64bit pref]
[    1.366322] pci 0000:00:18.1: PCI bridge to [bus 1c]
[    1.366340] pci 0000:00:18.1:   bridge window [io  0xb000-0xbfff]
[    1.366367] pci 0000:00:18.1:   bridge window [mem 0xfcd00000-0xfcdfffff]
[    1.366458] pci 0000:00:18.1:   bridge window [mem 0xe7300000-0xe73fffff 64bit pref]
[    1.370474] pci 0000:00:18.2: PCI bridge to [bus 1d]
[    1.370529] pci 0000:00:18.2:   bridge window [mem 0xfc900000-0xfc9fffff]
[    1.370581] pci 0000:00:18.2:   bridge window [mem 0xe6f00000-0xe6ffffff 64bit pref]
[    1.374699] pci 0000:00:18.3: PCI bridge to [bus 1e]
[    1.374754] pci 0000:00:18.3:   bridge window [mem 0xfc500000-0xfc5fffff]
[    1.374806] pci 0000:00:18.3:   bridge window [mem 0xe6b00000-0xe6bfffff 64bit pref]
[    1.378724] pci 0000:00:18.4: PCI bridge to [bus 1f]
[    1.378780] pci 0000:00:18.4:   bridge window [mem 0xfc100000-0xfc1fffff]
[    1.378832] pci 0000:00:18.4:   bridge window [mem 0xe6700000-0xe67fffff 64bit pref]
[    1.382853] pci 0000:00:18.5: PCI bridge to [bus 20]
[    1.382910] pci 0000:00:18.5:   bridge window [mem 0xfbd00000-0xfbdfffff]
[    1.382962] pci 0000:00:18.5:   bridge window [mem 0xe6300000-0xe63fffff 64bit pref]
[    1.387056] pci 0000:00:18.6: PCI bridge to [bus 21]
[    1.387111] pci 0000:00:18.6:   bridge window [mem 0xfb900000-0xfb9fffff]
[    1.387164] pci 0000:00:18.6:   bridge window [mem 0xe5f00000-0xe5ffffff 64bit pref]
[    1.390947] pci 0000:00:18.7: PCI bridge to [bus 22]
[    1.391002] pci 0000:00:18.7:   bridge window [mem 0xfb500000-0xfb5fffff]
[    1.391054] pci 0000:00:18.7:   bridge window [mem 0xe5b00000-0xe5bfffff 64bit pref]
[    1.394387] ACPI: PCI Interrupt Link [LNKA] (IRQs 3 4 5 6 7 *9 10 11 14 15)
[    1.394498] ACPI: PCI Interrupt Link [LNKB] (IRQs 3 4 5 6 7 9 10 *11 14 15)
[    1.394605] ACPI: PCI Interrupt Link [LNKC] (IRQs 3 4 5 6 7 9 *10 11 14 15)
[    1.394709] ACPI: PCI Interrupt Link [LNKD] (IRQs 3 4 5 6 *7 9 10 11 14 15)
[    1.446353] pci 0000:00:0f.0: vgaarb: setting as boot VGA device
[    1.446355] pci 0000:00:0f.0: vgaarb: VGA device added: decodes=io+mem,owns=io+mem,locks=none
[    1.446366] pci 0000:00:0f.0: vgaarb: bridge control possible
[    1.446366] vgaarb: loaded
[    1.447044] SCSI subsystem initialized
[    1.447378] libata version 3.00 loaded.
[    1.447394] ACPI: bus type USB registered
[    1.447406] usbcore: registered new interface driver usbfs
[    1.447410] usbcore: registered new interface driver hub
[    1.447631] usbcore: registered new device driver usb
[    1.447721] pps_core: LinuxPPS API ver. 1 registered
[    1.447722] pps_core: Software ver. 5.3.6 - Copyright 2005-2007 Rodolfo Giometti <giometti@linux.it>
[    1.447742] PTP clock support registered
[    1.447873] EDAC MC: Ver: 3.0.0
[    1.449643] PCI: Using ACPI for IRQ routing
[    1.465676] PCI: pci_cache_line_size set to 64 bytes
[    1.465819] e820: reserve RAM buffer [mem 0x0009e800-0x0009ffff]
[    1.465821] e820: reserve RAM buffer [mem 0xbfed0000-0xbfffffff]
[    1.466325] NetLabel: Initializing
[    1.466325] NetLabel:  domain hash size = 128
[    1.466325] NetLabel:  protocols = UNLABELED CIPSOv4 CALIPSO
[    1.466325] NetLabel:  unlabeled traffic allowed by default
[    1.468043] hpet0: at MMIO 0xfed00000, IRQs 2, 8, 0, 0, 0, 0, 0, 0, 0, 0, 0, 0, 0, 0, 0, 0
[    1.468048] hpet0: 16 comparators, 64-bit 14.318180 MHz counter
[    1.469696] clocksource: Switched to clocksource tsc-early
[    1.534115] VFS: Disk quotas dquot_6.6.0
[    1.534173] VFS: Dquot-cache hash table entries: 512 (order 0, 4096 bytes)
[    1.534472] pnp: PnP ACPI init
[    1.534720] system 00:00: [io  0x1000-0x103f] has been reserved
[    1.534721] system 00:00: [io  0x1040-0x104f] has been reserved
[    1.534745] system 00:00: [io  0x0cf0-0x0cf1] has been reserved
[    1.534750] system 00:00: Plug and Play ACPI device, IDs PNP0c02 (active)
[    1.534774] pnp 00:01: Plug and Play ACPI device, IDs PNP0b00 (active)
[    1.534789] pnp 00:02: Plug and Play ACPI device, IDs PNP0303 (active)
[    1.534845] pnp 00:03: Plug and Play ACPI device, IDs VMW0003 PNP0f13 (active)
[    1.535185] system 00:04: [mem 0xfed00000-0xfed003ff] has been reserved
[    1.535187] system 00:04: Plug and Play ACPI device, IDs PNP0103 PNP0c01 (active)
[    1.537305] pnp 00:05: Plug and Play ACPI device, IDs PNP0501 (active)
[    1.537836] system 00:06: [io  0xfce0-0xfcff] has been reserved
[    1.537838] system 00:06: [mem 0xf0000000-0xf7ffffff] has been reserved
[    1.537839] system 00:06: [mem 0xfe800000-0xfe9fffff] has been reserved
[    1.537843] system 00:06: Plug and Play ACPI device, IDs PNP0c02 (active)
[    1.577374] pnp: PnP ACPI: found 7 devices
[    1.593496] clocksource: acpi_pm: mask: 0xffffff max_cycles: 0xffffff, max_idle_ns: 2085701024 ns
[    1.593976] pci 0000:00:15.3: bridge window [io  0x1000-0x0fff] to [bus 06] add_size 1000
[    1.594049] pci 0000:00:15.4: bridge window [io  0x1000-0x0fff] to [bus 07] add_size 1000
[    1.594122] pci 0000:00:15.5: bridge window [io  0x1000-0x0fff] to [bus 08] add_size 1000
[    1.594195] pci 0000:00:15.6: bridge window [io  0x1000-0x0fff] to [bus 09] add_size 1000
[    1.594268] pci 0000:00:15.7: bridge window [io  0x1000-0x0fff] to [bus 0a] add_size 1000
[    1.594560] pci 0000:00:16.3: bridge window [io  0x1000-0x0fff] to [bus 0e] add_size 1000
[    1.594670] pci 0000:00:16.4: bridge window [io  0x1000-0x0fff] to [bus 0f] add_size 1000
[    1.594782] pci 0000:00:16.5: bridge window [io  0x1000-0x0fff] to [bus 10] add_size 1000
[    1.594878] pci 0000:00:16.6: bridge window [io  0x1000-0x0fff] to [bus 11] add_size 1000
[    1.594968] pci 0000:00:16.7: bridge window [io  0x1000-0x0fff] to [bus 12] add_size 1000
[    1.595256] pci 0000:00:17.3: bridge window [io  0x1000-0x0fff] to [bus 16] add_size 1000
[    1.595335] pci 0000:00:17.4: bridge window [io  0x1000-0x0fff] to [bus 17] add_size 1000
[    1.595408] pci 0000:00:17.5: bridge window [io  0x1000-0x0fff] to [bus 18] add_size 1000
[    1.595481] pci 0000:00:17.6: bridge window [io  0x1000-0x0fff] to [bus 19] add_size 1000
[    1.595553] pci 0000:00:17.7: bridge window [io  0x1000-0x0fff] to [bus 1a] add_size 1000
[    1.595832] pci 0000:00:18.2: bridge window [io  0x1000-0x0fff] to [bus 1d] add_size 1000
[    1.595926] pci 0000:00:18.3: bridge window [io  0x1000-0x0fff] to [bus 1e] add_size 1000
[    1.595999] pci 0000:00:18.4: bridge window [io  0x1000-0x0fff] to [bus 1f] add_size 1000
[    1.596072] pci 0000:00:18.5: bridge window [io  0x1000-0x0fff] to [bus 20] add_size 1000
[    1.596145] pci 0000:00:18.6: bridge window [io  0x1000-0x0fff] to [bus 21] add_size 1000
[    1.596217] pci 0000:00:18.7: bridge window [io  0x1000-0x0fff] to [bus 22] add_size 1000
[    1.596253] pci 0000:00:0f.0: BAR 6: assigned [mem 0xc0000000-0xc0007fff pref]
[    1.596255] pci 0000:00:10.0: BAR 6: assigned [mem 0xc0008000-0xc000bfff pref]
[    1.596258] pci 0000:00:15.3: BAR 13: no space for [io  size 0x1000]
[    1.596259] pci 0000:00:15.3: BAR 13: failed to assign [io  size 0x1000]
[    1.596261] pci 0000:00:15.4: BAR 13: no space for [io  size 0x1000]
[    1.596261] pci 0000:00:15.4: BAR 13: failed to assign [io  size 0x1000]
[    1.596263] pci 0000:00:15.5: BAR 13: no space for [io  size 0x1000]
[    1.596263] pci 0000:00:15.5: BAR 13: failed to assign [io  size 0x1000]
[    1.596265] pci 0000:00:15.6: BAR 13: no space for [io  size 0x1000]
[    1.596265] pci 0000:00:15.6: BAR 13: failed to assign [io  size 0x1000]
[    1.596267] pci 0000:00:15.7: BAR 13: no space for [io  size 0x1000]
[    1.596267] pci 0000:00:15.7: BAR 13: failed to assign [io  size 0x1000]
[    1.596268] pci 0000:00:16.3: BAR 13: no space for [io  size 0x1000]
[    1.596269] pci 0000:00:16.3: BAR 13: failed to assign [io  size 0x1000]
[    1.596270] pci 0000:00:16.4: BAR 13: no space for [io  size 0x1000]
[    1.596271] pci 0000:00:16.4: BAR 13: failed to assign [io  size 0x1000]
[    1.596272] pci 0000:00:16.5: BAR 13: no space for [io  size 0x1000]
[    1.596273] pci 0000:00:16.5: BAR 13: failed to assign [io  size 0x1000]
[    1.596274] pci 0000:00:16.6: BAR 13: no space for [io  size 0x1000]
[    1.596275] pci 0000:00:16.6: BAR 13: failed to assign [io  size 0x1000]
[    1.596276] pci 0000:00:16.7: BAR 13: no space for [io  size 0x1000]
[    1.596277] pci 0000:00:16.7: BAR 13: failed to assign [io  size 0x1000]
[    1.596278] pci 0000:00:17.3: BAR 13: no space for [io  size 0x1000]
[    1.596279] pci 0000:00:17.3: BAR 13: failed to assign [io  size 0x1000]
[    1.596280] pci 0000:00:17.4: BAR 13: no space for [io  size 0x1000]
[    1.596281] pci 0000:00:17.4: BAR 13: failed to assign [io  size 0x1000]
[    1.596282] pci 0000:00:17.5: BAR 13: no space for [io  size 0x1000]
[    1.596283] pci 0000:00:17.5: BAR 13: failed to assign [io  size 0x1000]
[    1.596284] pci 0000:00:17.6: BAR 13: no space for [io  size 0x1000]
[    1.596285] pci 0000:00:17.6: BAR 13: failed to assign [io  size 0x1000]
[    1.596286] pci 0000:00:17.7: BAR 13: no space for [io  size 0x1000]
[    1.596287] pci 0000:00:17.7: BAR 13: failed to assign [io  size 0x1000]
[    1.596288] pci 0000:00:18.2: BAR 13: no space for [io  size 0x1000]
[    1.596289] pci 0000:00:18.2: BAR 13: failed to assign [io  size 0x1000]
[    1.596290] pci 0000:00:18.3: BAR 13: no space for [io  size 0x1000]
[    1.596291] pci 0000:00:18.3: BAR 13: failed to assign [io  size 0x1000]
[    1.596292] pci 0000:00:18.4: BAR 13: no space for [io  size 0x1000]
[    1.596293] pci 0000:00:18.4: BAR 13: failed to assign [io  size 0x1000]
[    1.596294] pci 0000:00:18.5: BAR 13: no space for [io  size 0x1000]
[    1.596294] pci 0000:00:18.5: BAR 13: failed to assign [io  size 0x1000]
[    1.596296] pci 0000:00:18.6: BAR 13: no space for [io  size 0x1000]
[    1.596296] pci 0000:00:18.6: BAR 13: failed to assign [io  size 0x1000]
[    1.596298] pci 0000:00:18.7: BAR 13: no space for [io  size 0x1000]
[    1.596298] pci 0000:00:18.7: BAR 13: failed to assign [io  size 0x1000]
[    1.596301] pci 0000:00:18.7: BAR 13: no space for [io  size 0x1000]
[    1.596302] pci 0000:00:18.7: BAR 13: failed to assign [io  size 0x1000]
[    1.596303] pci 0000:00:18.6: BAR 13: no space for [io  size 0x1000]
[    1.596304] pci 0000:00:18.6: BAR 13: failed to assign [io  size 0x1000]
[    1.596305] pci 0000:00:18.5: BAR 13: no space for [io  size 0x1000]
[    1.596306] pci 0000:00:18.5: BAR 13: failed to assign [io  size 0x1000]
[    1.596307] pci 0000:00:18.4: BAR 13: no space for [io  size 0x1000]
[    1.596308] pci 0000:00:18.4: BAR 13: failed to assign [io  size 0x1000]
[    1.596309] pci 0000:00:18.3: BAR 13: no space for [io  size 0x1000]
[    1.596310] pci 0000:00:18.3: BAR 13: failed to assign [io  size 0x1000]
[    1.596311] pci 0000:00:18.2: BAR 13: no space for [io  size 0x1000]
[    1.596312] pci 0000:00:18.2: BAR 13: failed to assign [io  size 0x1000]
[    1.596313] pci 0000:00:17.7: BAR 13: no space for [io  size 0x1000]
[    1.596314] pci 0000:00:17.7: BAR 13: failed to assign [io  size 0x1000]
[    1.596315] pci 0000:00:17.6: BAR 13: no space for [io  size 0x1000]
[    1.596316] pci 0000:00:17.6: BAR 13: failed to assign [io  size 0x1000]
[    1.596317] pci 0000:00:17.5: BAR 13: no space for [io  size 0x1000]
[    1.596318] pci 0000:00:17.5: BAR 13: failed to assign [io  size 0x1000]
[    1.596319] pci 0000:00:17.4: BAR 13: no space for [io  size 0x1000]
[    1.596320] pci 0000:00:17.4: BAR 13: failed to assign [io  size 0x1000]
[    1.596321] pci 0000:00:17.3: BAR 13: no space for [io  size 0x1000]
[    1.596322] pci 0000:00:17.3: BAR 13: failed to assign [io  size 0x1000]
[    1.596323] pci 0000:00:16.7: BAR 13: no space for [io  size 0x1000]
[    1.596324] pci 0000:00:16.7: BAR 13: failed to assign [io  size 0x1000]
[    1.596325] pci 0000:00:16.6: BAR 13: no space for [io  size 0x1000]
[    1.596326] pci 0000:00:16.6: BAR 13: failed to assign [io  size 0x1000]
[    1.596327] pci 0000:00:16.5: BAR 13: no space for [io  size 0x1000]
[    1.596328] pci 0000:00:16.5: BAR 13: failed to assign [io  size 0x1000]
[    1.596329] pci 0000:00:16.4: BAR 13: no space for [io  size 0x1000]
[    1.596329] pci 0000:00:16.4: BAR 13: failed to assign [io  size 0x1000]
[    1.596331] pci 0000:00:16.3: BAR 13: no space for [io  size 0x1000]
[    1.596331] pci 0000:00:16.3: BAR 13: failed to assign [io  size 0x1000]
[    1.596331] pci 0000:00:15.7: BAR 13: no space for [io  size 0x1000]
[    1.596331] pci 0000:00:15.7: BAR 13: failed to assign [io  size 0x1000]
[    1.596331] pci 0000:00:15.6: BAR 13: no space for [io  size 0x1000]
[    1.596331] pci 0000:00:15.6: BAR 13: failed to assign [io  size 0x1000]
[    1.596331] pci 0000:00:15.5: BAR 13: no space for [io  size 0x1000]
[    1.596331] pci 0000:00:15.5: BAR 13: failed to assign [io  size 0x1000]
[    1.596331] pci 0000:00:15.4: BAR 13: no space for [io  size 0x1000]
[    1.596331] pci 0000:00:15.4: BAR 13: failed to assign [io  size 0x1000]
[    1.596331] pci 0000:00:15.3: BAR 13: no space for [io  size 0x1000]
[    1.596331] pci 0000:00:15.3: BAR 13: failed to assign [io  size 0x1000]
[    1.596331] pci 0000:00:01.0: PCI bridge to [bus 01]
[    1.596461] pci 0000:02:01.0: BAR 6: assigned [mem 0xfd500000-0xfd50ffff pref]
[    1.596462] pci 0000:02:05.0: BAR 6: assigned [mem 0xfd510000-0xfd51ffff pref]
[    1.596463] pci 0000:00:11.0: PCI bridge to [bus 02]
[    1.596477] pci 0000:00:11.0:   bridge window [io  0x2000-0x3fff]
[    1.596513] pci 0000:00:11.0:   bridge window [mem 0xfd500000-0xfdffffff]
[    1.596538] pci 0000:00:11.0:   bridge window [mem 0xe7b00000-0xe7ffffff 64bit pref]
[    1.596586] pci 0000:00:15.0: PCI bridge to [bus 03]
[    1.596600] pci 0000:00:15.0:   bridge window [io  0x4000-0x4fff]
[    1.596636] pci 0000:00:15.0:   bridge window [mem 0xfd400000-0xfd4fffff]
[    1.596661] pci 0000:00:15.0:   bridge window [mem 0xe7a00000-0xe7afffff 64bit pref]
[    1.596778] pci 0000:00:15.1: PCI bridge to [bus 04]
[    1.596793] pci 0000:00:15.1:   bridge window [io  0x8000-0x8fff]
[    1.596849] pci 0000:00:15.1:   bridge window [mem 0xfd000000-0xfd0fffff]
[    1.596875] pci 0000:00:15.1:   bridge window [mem 0xe7600000-0xe76fffff 64bit pref]
[    1.596956] pci 0000:00:15.2: PCI bridge to [bus 05]
[    1.596969] pci 0000:00:15.2:   bridge window [io  0xc000-0xcfff]
[    1.597006] pci 0000:00:15.2:   bridge window [mem 0xfcc00000-0xfccfffff]
[    1.597031] pci 0000:00:15.2:   bridge window [mem 0xe7200000-0xe72fffff 64bit pref]
[    1.597092] pci 0000:00:15.3: PCI bridge to [bus 06]
[    1.597129] pci 0000:00:15.3:   bridge window [mem 0xfc800000-0xfc8fffff]
[    1.597154] pci 0000:00:15.3:   bridge window [mem 0xe6e00000-0xe6efffff 64bit pref]
[    1.597214] pci 0000:00:15.4: PCI bridge to [bus 07]
[    1.597251] pci 0000:00:15.4:   bridge window [mem 0xfc400000-0xfc4fffff]
[    1.597276] pci 0000:00:15.4:   bridge window [mem 0xe6a00000-0xe6afffff 64bit pref]
[    1.597343] pci 0000:00:15.5: PCI bridge to [bus 08]
[    1.597380] pci 0000:00:15.5:   bridge window [mem 0xfc000000-0xfc0fffff]
[    1.597405] pci 0000:00:15.5:   bridge window [mem 0xe6600000-0xe66fffff 64bit pref]
[    1.597466] pci 0000:00:15.6: PCI bridge to [bus 09]
[    1.597503] pci 0000:00:15.6:   bridge window [mem 0xfbc00000-0xfbcfffff]
[    1.597527] pci 0000:00:15.6:   bridge window [mem 0xe6200000-0xe62fffff 64bit pref]
[    1.597588] pci 0000:00:15.7: PCI bridge to [bus 0a]
[    1.597625] pci 0000:00:15.7:   bridge window [mem 0xfb800000-0xfb8fffff]
[    1.597650] pci 0000:00:15.7:   bridge window [mem 0xe5e00000-0xe5efffff 64bit pref]
[    1.597717] pci 0000:00:16.0: PCI bridge to [bus 0b]
[    1.597761] pci 0000:00:16.0:   bridge window [io  0x5000-0x5fff]
[    1.597801] pci 0000:00:16.0:   bridge window [mem 0xfd300000-0xfd3fffff]
[    1.597847] pci 0000:00:16.0:   bridge window [mem 0xe7900000-0xe79fffff 64bit pref]
[    1.597925] pci 0000:00:16.1: PCI bridge to [bus 0c]
[    1.597938] pci 0000:00:16.1:   bridge window [io  0x9000-0x9fff]
[    1.597975] pci 0000:00:16.1:   bridge window [mem 0xfcf00000-0xfcffffff]
[    1.598000] pci 0000:00:16.1:   bridge window [mem 0xe7500000-0xe75fffff 64bit pref]
[    1.598061] pci 0000:00:16.2: PCI bridge to [bus 0d]
[    1.598074] pci 0000:00:16.2:   bridge window [io  0xd000-0xdfff]
[    1.598111] pci 0000:00:16.2:   bridge window [mem 0xfcb00000-0xfcbfffff]
[    1.598135] pci 0000:00:16.2:   bridge window [mem 0xe7100000-0xe71fffff 64bit pref]
[    1.598196] pci 0000:00:16.3: PCI bridge to [bus 0e]
[    1.598233] pci 0000:00:16.3:   bridge window [mem 0xfc700000-0xfc7fffff]
[    1.598257] pci 0000:00:16.3:   bridge window [mem 0xe6d00000-0xe6dfffff 64bit pref]
[    1.598318] pci 0000:00:16.4: PCI bridge to [bus 0f]
[    1.598361] pci 0000:00:16.4:   bridge window [mem 0xfc300000-0xfc3fffff]
[    1.598386] pci 0000:00:16.4:   bridge window [mem 0xe6900000-0xe69fffff 64bit pref]
[    1.598447] pci 0000:00:16.5: PCI bridge to [bus 10]
[    1.598484] pci 0000:00:16.5:   bridge window [mem 0xfbf00000-0xfbffffff]
[    1.598508] pci 0000:00:16.5:   bridge window [mem 0xe6500000-0xe65fffff 64bit pref]
[    1.598569] pci 0000:00:16.6: PCI bridge to [bus 11]
[    1.598606] pci 0000:00:16.6:   bridge window [mem 0xfbb00000-0xfbbfffff]
[    1.598631] pci 0000:00:16.6:   bridge window [mem 0xe6100000-0xe61fffff 64bit pref]
[    1.598691] pci 0000:00:16.7: PCI bridge to [bus 12]
[    1.598771] pci 0000:00:16.7:   bridge window [mem 0xfb700000-0xfb7fffff]
[    1.598798] pci 0000:00:16.7:   bridge window [mem 0xe5d00000-0xe5dfffff 64bit pref]
[    1.598897] pci 0000:00:17.0: PCI bridge to [bus 13]
[    1.598927] pci 0000:00:17.0:   bridge window [io  0x6000-0x6fff]
[    1.598963] pci 0000:00:17.0:   bridge window [mem 0xfd200000-0xfd2fffff]
[    1.598988] pci 0000:00:17.0:   bridge window [mem 0xe7800000-0xe78fffff 64bit pref]
[    1.599049] pci 0000:00:17.1: PCI bridge to [bus 14]
[    1.599063] pci 0000:00:17.1:   bridge window [io  0xa000-0xafff]
[    1.599099] pci 0000:00:17.1:   bridge window [mem 0xfce00000-0xfcefffff]
[    1.599124] pci 0000:00:17.1:   bridge window [mem 0xe7400000-0xe74fffff 64bit pref]
[    1.599185] pci 0000:00:17.2: PCI bridge to [bus 15]
[    1.599199] pci 0000:00:17.2:   bridge window [io  0xe000-0xefff]
[    1.599235] pci 0000:00:17.2:   bridge window [mem 0xfca00000-0xfcafffff]
[    1.599260] pci 0000:00:17.2:   bridge window [mem 0xe7000000-0xe70fffff 64bit pref]
[    1.599320] pci 0000:00:17.3: PCI bridge to [bus 16]
[    1.599363] pci 0000:00:17.3:   bridge window [mem 0xfc600000-0xfc6fffff]
[    1.599387] pci 0000:00:17.3:   bridge window [mem 0xe6c00000-0xe6cfffff 64bit pref]
[    1.599453] pci 0000:00:17.4: PCI bridge to [bus 17]
[    1.599490] pci 0000:00:17.4:   bridge window [mem 0xfc200000-0xfc2fffff]
[    1.599515] pci 0000:00:17.4:   bridge window [mem 0xe6800000-0xe68fffff 64bit pref]
[    1.599576] pci 0000:00:17.5: PCI bridge to [bus 18]
[    1.599613] pci 0000:00:17.5:   bridge window [mem 0xfbe00000-0xfbefffff]
[    1.599638] pci 0000:00:17.5:   bridge window [mem 0xe6400000-0xe64fffff 64bit pref]
[    1.599722] pci 0000:00:17.6: PCI bridge to [bus 19]
[    1.599792] pci 0000:00:17.6:   bridge window [mem 0xfba00000-0xfbafffff]
[    1.599839] pci 0000:00:17.6:   bridge window [mem 0xe6000000-0xe60fffff 64bit pref]
[    1.599919] pci 0000:00:17.7: PCI bridge to [bus 1a]
[    1.599956] pci 0000:00:17.7:   bridge window [mem 0xfb600000-0xfb6fffff]
[    1.599980] pci 0000:00:17.7:   bridge window [mem 0xe5c00000-0xe5cfffff 64bit pref]
[    1.600041] pci 0000:00:18.0: PCI bridge to [bus 1b]
[    1.600055] pci 0000:00:18.0:   bridge window [io  0x7000-0x7fff]
[    1.600091] pci 0000:00:18.0:   bridge window [mem 0xfd100000-0xfd1fffff]
[    1.600116] pci 0000:00:18.0:   bridge window [mem 0xe7700000-0xe77fffff 64bit pref]
[    1.600177] pci 0000:00:18.1: PCI bridge to [bus 1c]
[    1.600190] pci 0000:00:18.1:   bridge window [io  0xb000-0xbfff]
[    1.600227] pci 0000:00:18.1:   bridge window [mem 0xfcd00000-0xfcdfffff]
[    1.600252] pci 0000:00:18.1:   bridge window [mem 0xe7300000-0xe73fffff 64bit pref]
[    1.600312] pci 0000:00:18.2: PCI bridge to [bus 1d]
[    1.600356] pci 0000:00:18.2:   bridge window [mem 0xfc900000-0xfc9fffff]
[    1.600380] pci 0000:00:18.2:   bridge window [mem 0xe6f00000-0xe6ffffff 64bit pref]
[    1.600441] pci 0000:00:18.3: PCI bridge to [bus 1e]
[    1.600478] pci 0000:00:18.3:   bridge window [mem 0xfc500000-0xfc5fffff]
[    1.600503] pci 0000:00:18.3:   bridge window [mem 0xe6b00000-0xe6bfffff 64bit pref]
[    1.600563] pci 0000:00:18.4: PCI bridge to [bus 1f]
[    1.600600] pci 0000:00:18.4:   bridge window [mem 0xfc100000-0xfc1fffff]
[    1.600625] pci 0000:00:18.4:   bridge window [mem 0xe6700000-0xe67fffff 64bit pref]
[    1.600685] pci 0000:00:18.5: PCI bridge to [bus 20]
[    1.600901] pci 0000:00:18.5:   bridge window [mem 0xfbd00000-0xfbdfffff]
[    1.600928] pci 0000:00:18.5:   bridge window [mem 0xe6300000-0xe63fffff 64bit pref]
[    1.601103] pci 0000:00:18.6: PCI bridge to [bus 21]
[    1.601159] pci 0000:00:18.6:   bridge window [mem 0xfb900000-0xfb9fffff]
[    1.601184] pci 0000:00:18.6:   bridge window [mem 0xe5f00000-0xe5ffffff 64bit pref]
[    1.601247] pci 0000:00:18.7: PCI bridge to [bus 22]
[    1.601284] pci 0000:00:18.7:   bridge window [mem 0xfb500000-0xfb5fffff]
[    1.601309] pci 0000:00:18.7:   bridge window [mem 0xe5b00000-0xe5bfffff 64bit pref]
[    1.601381] pci_bus 0000:00: resource 4 [mem 0x000a0000-0x000bffff window]
[    1.601382] pci_bus 0000:00: resource 5 [mem 0x000d0000-0x000d3fff window]
[    1.601383] pci_bus 0000:00: resource 6 [mem 0x000d4000-0x000d7fff window]
[    1.601383] pci_bus 0000:00: resource 7 [mem 0x000d8000-0x000dbfff window]
[    1.601384] pci_bus 0000:00: resource 8 [mem 0xc0000000-0xfebfffff window]
[    1.601385] pci_bus 0000:00: resource 9 [io  0x0000-0x0cf7 window]
[    1.601385] pci_bus 0000:00: resource 10 [io  0x0d00-0xfeff window]
[    1.601387] pci_bus 0000:02: resource 0 [io  0x2000-0x3fff]
[    1.601387] pci_bus 0000:02: resource 1 [mem 0xfd500000-0xfdffffff]
[    1.601388] pci_bus 0000:02: resource 2 [mem 0xe7b00000-0xe7ffffff 64bit pref]
[    1.601389] pci_bus 0000:02: resource 4 [mem 0x000a0000-0x000bffff window]
[    1.601389] pci_bus 0000:02: resource 5 [mem 0x000d0000-0x000d3fff window]
[    1.601390] pci_bus 0000:02: resource 6 [mem 0x000d4000-0x000d7fff window]
[    1.601391] pci_bus 0000:02: resource 7 [mem 0x000d8000-0x000dbfff window]
[    1.601391] pci_bus 0000:02: resource 8 [mem 0xc0000000-0xfebfffff window]
[    1.601392] pci_bus 0000:02: resource 9 [io  0x0000-0x0cf7 window]
[    1.601393] pci_bus 0000:02: resource 10 [io  0x0d00-0xfeff window]
[    1.601394] pci_bus 0000:03: resource 0 [io  0x4000-0x4fff]
[    1.601395] pci_bus 0000:03: resource 1 [mem 0xfd400000-0xfd4fffff]
[    1.601395] pci_bus 0000:03: resource 2 [mem 0xe7a00000-0xe7afffff 64bit pref]
[    1.601396] pci_bus 0000:04: resource 0 [io  0x8000-0x8fff]
[    1.601397] pci_bus 0000:04: resource 1 [mem 0xfd000000-0xfd0fffff]
[    1.601397] pci_bus 0000:04: resource 2 [mem 0xe7600000-0xe76fffff 64bit pref]
[    1.601398] pci_bus 0000:05: resource 0 [io  0xc000-0xcfff]
[    1.601399] pci_bus 0000:05: resource 1 [mem 0xfcc00000-0xfccfffff]
[    1.601400] pci_bus 0000:05: resource 2 [mem 0xe7200000-0xe72fffff 64bit pref]
[    1.601400] pci_bus 0000:06: resource 1 [mem 0xfc800000-0xfc8fffff]
[    1.601401] pci_bus 0000:06: resource 2 [mem 0xe6e00000-0xe6efffff 64bit pref]
[    1.601402] pci_bus 0000:07: resource 1 [mem 0xfc400000-0xfc4fffff]
[    1.601402] pci_bus 0000:07: resource 2 [mem 0xe6a00000-0xe6afffff 64bit pref]
[    1.601403] pci_bus 0000:08: resource 1 [mem 0xfc000000-0xfc0fffff]
[    1.601404] pci_bus 0000:08: resource 2 [mem 0xe6600000-0xe66fffff 64bit pref]
[    1.601404] pci_bus 0000:09: resource 1 [mem 0xfbc00000-0xfbcfffff]
[    1.601405] pci_bus 0000:09: resource 2 [mem 0xe6200000-0xe62fffff 64bit pref]
[    1.601406] pci_bus 0000:0a: resource 1 [mem 0xfb800000-0xfb8fffff]
[    1.601406] pci_bus 0000:0a: resource 2 [mem 0xe5e00000-0xe5efffff 64bit pref]
[    1.601407] pci_bus 0000:0b: resource 0 [io  0x5000-0x5fff]
[    1.601408] pci_bus 0000:0b: resource 1 [mem 0xfd300000-0xfd3fffff]
[    1.601409] pci_bus 0000:0b: resource 2 [mem 0xe7900000-0xe79fffff 64bit pref]
[    1.601410] pci_bus 0000:0c: resource 0 [io  0x9000-0x9fff]
[    1.601410] pci_bus 0000:0c: resource 1 [mem 0xfcf00000-0xfcffffff]
[    1.601411] pci_bus 0000:0c: resource 2 [mem 0xe7500000-0xe75fffff 64bit pref]
[    1.601411] pci_bus 0000:0d: resource 0 [io  0xd000-0xdfff]
[    1.601412] pci_bus 0000:0d: resource 1 [mem 0xfcb00000-0xfcbfffff]
[    1.601413] pci_bus 0000:0d: resource 2 [mem 0xe7100000-0xe71fffff 64bit pref]
[    1.601414] pci_bus 0000:0e: resource 1 [mem 0xfc700000-0xfc7fffff]
[    1.601414] pci_bus 0000:0e: resource 2 [mem 0xe6d00000-0xe6dfffff 64bit pref]
[    1.601415] pci_bus 0000:0f: resource 1 [mem 0xfc300000-0xfc3fffff]
[    1.601416] pci_bus 0000:0f: resource 2 [mem 0xe6900000-0xe69fffff 64bit pref]
[    1.601416] pci_bus 0000:10: resource 1 [mem 0xfbf00000-0xfbffffff]
[    1.601417] pci_bus 0000:10: resource 2 [mem 0xe6500000-0xe65fffff 64bit pref]
[    1.601418] pci_bus 0000:11: resource 1 [mem 0xfbb00000-0xfbbfffff]
[    1.601418] pci_bus 0000:11: resource 2 [mem 0xe6100000-0xe61fffff 64bit pref]
[    1.601419] pci_bus 0000:12: resource 1 [mem 0xfb700000-0xfb7fffff]
[    1.601420] pci_bus 0000:12: resource 2 [mem 0xe5d00000-0xe5dfffff 64bit pref]
[    1.601420] pci_bus 0000:13: resource 0 [io  0x6000-0x6fff]
[    1.601421] pci_bus 0000:13: resource 1 [mem 0xfd200000-0xfd2fffff]
[    1.601422] pci_bus 0000:13: resource 2 [mem 0xe7800000-0xe78fffff 64bit pref]
[    1.601422] pci_bus 0000:14: resource 0 [io  0xa000-0xafff]
[    1.601423] pci_bus 0000:14: resource 1 [mem 0xfce00000-0xfcefffff]
[    1.601424] pci_bus 0000:14: resource 2 [mem 0xe7400000-0xe74fffff 64bit pref]
[    1.601424] pci_bus 0000:15: resource 0 [io  0xe000-0xefff]
[    1.601425] pci_bus 0000:15: resource 1 [mem 0xfca00000-0xfcafffff]
[    1.601426] pci_bus 0000:15: resource 2 [mem 0xe7000000-0xe70fffff 64bit pref]
[    1.601426] pci_bus 0000:16: resource 1 [mem 0xfc600000-0xfc6fffff]
[    1.601427] pci_bus 0000:16: resource 2 [mem 0xe6c00000-0xe6cfffff 64bit pref]
[    1.601428] pci_bus 0000:17: resource 1 [mem 0xfc200000-0xfc2fffff]
[    1.601428] pci_bus 0000:17: resource 2 [mem 0xe6800000-0xe68fffff 64bit pref]
[    1.601429] pci_bus 0000:18: resource 1 [mem 0xfbe00000-0xfbefffff]
[    1.601430] pci_bus 0000:18: resource 2 [mem 0xe6400000-0xe64fffff 64bit pref]
[    1.601430] pci_bus 0000:19: resource 1 [mem 0xfba00000-0xfbafffff]
[    1.601431] pci_bus 0000:19: resource 2 [mem 0xe6000000-0xe60fffff 64bit pref]
[    1.601432] pci_bus 0000:1a: resource 1 [mem 0xfb600000-0xfb6fffff]
[    1.601432] pci_bus 0000:1a: resource 2 [mem 0xe5c00000-0xe5cfffff 64bit pref]
[    1.601433] pci_bus 0000:1b: resource 0 [io  0x7000-0x7fff]
[    1.601434] pci_bus 0000:1b: resource 1 [mem 0xfd100000-0xfd1fffff]
[    1.601434] pci_bus 0000:1b: resource 2 [mem 0xe7700000-0xe77fffff 64bit pref]
[    1.601435] pci_bus 0000:1c: resource 0 [io  0xb000-0xbfff]
[    1.601436] pci_bus 0000:1c: resource 1 [mem 0xfcd00000-0xfcdfffff]
[    1.601436] pci_bus 0000:1c: resource 2 [mem 0xe7300000-0xe73fffff 64bit pref]
[    1.601437] pci_bus 0000:1d: resource 1 [mem 0xfc900000-0xfc9fffff]
[    1.601438] pci_bus 0000:1d: resource 2 [mem 0xe6f00000-0xe6ffffff 64bit pref]
[    1.601439] pci_bus 0000:1e: resource 1 [mem 0xfc500000-0xfc5fffff]
[    1.601439] pci_bus 0000:1e: resource 2 [mem 0xe6b00000-0xe6bfffff 64bit pref]
[    1.601440] pci_bus 0000:1f: resource 1 [mem 0xfc100000-0xfc1fffff]
[    1.601441] pci_bus 0000:1f: resource 2 [mem 0xe6700000-0xe67fffff 64bit pref]
[    1.601441] pci_bus 0000:20: resource 1 [mem 0xfbd00000-0xfbdfffff]
[    1.601442] pci_bus 0000:20: resource 2 [mem 0xe6300000-0xe63fffff 64bit pref]
[    1.601443] pci_bus 0000:21: resource 1 [mem 0xfb900000-0xfb9fffff]
[    1.601443] pci_bus 0000:21: resource 2 [mem 0xe5f00000-0xe5ffffff 64bit pref]
[    1.601444] pci_bus 0000:22: resource 1 [mem 0xfb500000-0xfb5fffff]
[    1.601445] pci_bus 0000:22: resource 2 [mem 0xe5b00000-0xe5bfffff 64bit pref]
[    1.601886] NET: Registered protocol family 2
[    1.602665] tcp_listen_portaddr_hash hash table entries: 2048 (order: 3, 32768 bytes)
[    1.602947] TCP established hash table entries: 32768 (order: 6, 262144 bytes)
[    1.604461] TCP bind hash table entries: 32768 (order: 7, 524288 bytes)
[    1.607110] TCP: Hash tables configured (established 32768 bind 32768)
[    1.609216] UDP hash table entries: 2048 (order: 4, 65536 bytes)
[    1.609535] UDP-Lite hash table entries: 2048 (order: 4, 65536 bytes)
[    1.613095] NET: Registered protocol family 1
[    1.613100] NET: Registered protocol family 44
[    1.613104] pci 0000:00:00.0: Limiting direct PCI/PCI transfers
[    1.613258] pci 0000:00:0f.0: Video device with shadowed ROM at [mem 0x000c0000-0x000dffff]
[    1.615512] PCI: CLS mismatch (32 != 64), using 64 bytes
[    1.616738] Unpacking initramfs...
[   22.234944] Freeing initrd memory: 657116K
[   22.235145] PCI-DMA: Using software bounce buffering for IO (SWIOTLB)
[   22.235147] software IO TLB: mapped [mem 0xbbed0000-0xbfed0000] (64MB)
[   22.235334] check: Scanning for low memory corruption every 60 seconds
[   22.243232] Initialise system trusted keyrings
[   22.243329] Key type blacklist registered
[   22.243468] workingset: timestamp_bits=36 max_order=20 bucket_order=0
[   22.247672] zbud: loaded
[   22.248802] squashfs: version 4.0 (2009/01/31) Phillip Lougher
[   22.250020] fuse init (API version 7.28)
[   22.322423] Key type asymmetric registered
[   22.322424] Asymmetric key parser 'x509' registered
[   22.322453] Block layer SCSI generic (bsg) driver version 0.4 loaded (major 243)
[   22.322840] io scheduler mq-deadline registered
[   22.324192] pcieport 0000:00:15.0: Signaling PME with IRQ 24
[   22.324410] pciehp 0000:00:15.0:pcie004: Slot #160 AttnBtn+ PwrCtrl+ MRL- AttnInd- PwrInd- HotPlug+ Surprise- Interlock- NoCompl+ LLActRep+
[   22.326051] pcieport 0000:00:15.1: Signaling PME with IRQ 25
[   22.326128] pciehp 0000:00:15.1:pcie004: Slot #161 AttnBtn+ PwrCtrl+ MRL- AttnInd- PwrInd- HotPlug+ Surprise- Interlock- NoCompl+ LLActRep+
[   22.327719] pcieport 0000:00:15.2: Signaling PME with IRQ 26
[   22.327820] pciehp 0000:00:15.2:pcie004: Slot #162 AttnBtn+ PwrCtrl+ MRL- AttnInd- PwrInd- HotPlug+ Surprise- Interlock- NoCompl+ LLActRep+
[   22.329351] pcieport 0000:00:15.3: Signaling PME with IRQ 27
[   22.329470] pciehp 0000:00:15.3:pcie004: Slot #163 AttnBtn+ PwrCtrl+ MRL- AttnInd- PwrInd- HotPlug+ Surprise- Interlock- NoCompl+ LLActRep+
[   22.331229] pcieport 0000:00:15.4: Signaling PME with IRQ 28
[   22.331307] pciehp 0000:00:15.4:pcie004: Slot #164 AttnBtn+ PwrCtrl+ MRL- AttnInd- PwrInd- HotPlug+ Surprise- Interlock- NoCompl+ LLActRep+
[   22.332792] pcieport 0000:00:15.5: Signaling PME with IRQ 29
[   22.332873] pciehp 0000:00:15.5:pcie004: Slot #165 AttnBtn+ PwrCtrl+ MRL- AttnInd- PwrInd- HotPlug+ Surprise- Interlock- NoCompl+ LLActRep+
[   22.334400] pcieport 0000:00:15.6: Signaling PME with IRQ 30
[   22.334482] pciehp 0000:00:15.6:pcie004: Slot #166 AttnBtn+ PwrCtrl+ MRL- AttnInd- PwrInd- HotPlug+ Surprise- Interlock- NoCompl+ LLActRep+
[   22.335893] pcieport 0000:00:15.7: Signaling PME with IRQ 31
[   22.335973] pciehp 0000:00:15.7:pcie004: Slot #167 AttnBtn+ PwrCtrl+ MRL- AttnInd- PwrInd- HotPlug+ Surprise- Interlock- NoCompl+ LLActRep+
[   22.337286] pcieport 0000:00:16.0: Signaling PME with IRQ 32
[   22.337373] pciehp 0000:00:16.0:pcie004: Slot #192 AttnBtn+ PwrCtrl+ MRL- AttnInd- PwrInd- HotPlug+ Surprise- Interlock- NoCompl+ LLActRep+
[   22.338757] pcieport 0000:00:16.1: Signaling PME with IRQ 33
[   22.338838] pciehp 0000:00:16.1:pcie004: Slot #193 AttnBtn+ PwrCtrl+ MRL- AttnInd- PwrInd- HotPlug+ Surprise- Interlock- NoCompl+ LLActRep+
[   22.340200] pcieport 0000:00:16.2: Signaling PME with IRQ 34
[   22.340283] pciehp 0000:00:16.2:pcie004: Slot #194 AttnBtn+ PwrCtrl+ MRL- AttnInd- PwrInd- HotPlug+ Surprise- Interlock- NoCompl+ LLActRep+
[   22.341664] pcieport 0000:00:16.3: Signaling PME with IRQ 35
[   22.341743] pciehp 0000:00:16.3:pcie004: Slot #195 AttnBtn+ PwrCtrl+ MRL- AttnInd- PwrInd- HotPlug+ Surprise- Interlock- NoCompl+ LLActRep+
[   22.343126] pcieport 0000:00:16.4: Signaling PME with IRQ 36
[   22.343208] pciehp 0000:00:16.4:pcie004: Slot #196 AttnBtn+ PwrCtrl+ MRL- AttnInd- PwrInd- HotPlug+ Surprise- Interlock- NoCompl+ LLActRep+
[   22.344526] pcieport 0000:00:16.5: Signaling PME with IRQ 37
[   22.344610] pciehp 0000:00:16.5:pcie004: Slot #197 AttnBtn+ PwrCtrl+ MRL- AttnInd- PwrInd- HotPlug+ Surprise- Interlock- NoCompl+ LLActRep+
[   22.346020] pcieport 0000:00:16.6: Signaling PME with IRQ 38
[   22.346130] pciehp 0000:00:16.6:pcie004: Slot #198 AttnBtn+ PwrCtrl+ MRL- AttnInd- PwrInd- HotPlug+ Surprise- Interlock- NoCompl+ LLActRep+
[   22.347620] pcieport 0000:00:16.7: Signaling PME with IRQ 39
[   22.347719] pciehp 0000:00:16.7:pcie004: Slot #199 AttnBtn+ PwrCtrl+ MRL- AttnInd- PwrInd- HotPlug+ Surprise- Interlock- NoCompl+ LLActRep+
[   22.349113] pcieport 0000:00:17.0: Signaling PME with IRQ 40
[   22.349193] pciehp 0000:00:17.0:pcie004: Slot #224 AttnBtn+ PwrCtrl+ MRL- AttnInd- PwrInd- HotPlug+ Surprise- Interlock- NoCompl+ LLActRep+
[   22.350583] pcieport 0000:00:17.1: Signaling PME with IRQ 41
[   22.350660] pciehp 0000:00:17.1:pcie004: Slot #225 AttnBtn+ PwrCtrl+ MRL- AttnInd- PwrInd- HotPlug+ Surprise- Interlock- NoCompl+ LLActRep+
[   22.352062] pcieport 0000:00:17.2: Signaling PME with IRQ 42
[   22.352139] pciehp 0000:00:17.2:pcie004: Slot #226 AttnBtn+ PwrCtrl+ MRL- AttnInd- PwrInd- HotPlug+ Surprise- Interlock- NoCompl+ LLActRep+
[   22.353593] pcieport 0000:00:17.3: Signaling PME with IRQ 43
[   22.353672] pciehp 0000:00:17.3:pcie004: Slot #227 AttnBtn+ PwrCtrl+ MRL- AttnInd- PwrInd- HotPlug+ Surprise- Interlock- NoCompl+ LLActRep+
[   22.355118] pcieport 0000:00:17.4: Signaling PME with IRQ 44
[   22.355195] pciehp 0000:00:17.4:pcie004: Slot #228 AttnBtn+ PwrCtrl+ MRL- AttnInd- PwrInd- HotPlug+ Surprise- Interlock- NoCompl+ LLActRep+
[   22.356617] pcieport 0000:00:17.5: Signaling PME with IRQ 45
[   22.356758] pciehp 0000:00:17.5:pcie004: Slot #229 AttnBtn+ PwrCtrl+ MRL- AttnInd- PwrInd- HotPlug+ Surprise- Interlock- NoCompl+ LLActRep+
[   22.358179] pcieport 0000:00:17.6: Signaling PME with IRQ 46
[   22.358257] pciehp 0000:00:17.6:pcie004: Slot #230 AttnBtn+ PwrCtrl+ MRL- AttnInd- PwrInd- HotPlug+ Surprise- Interlock- NoCompl+ LLActRep+
[   22.359671] pcieport 0000:00:17.7: Signaling PME with IRQ 47
[   22.359749] pciehp 0000:00:17.7:pcie004: Slot #231 AttnBtn+ PwrCtrl+ MRL- AttnInd- PwrInd- HotPlug+ Surprise- Interlock- NoCompl+ LLActRep+
[   22.361154] pcieport 0000:00:18.0: Signaling PME with IRQ 48
[   22.361232] pciehp 0000:00:18.0:pcie004: Slot #256 AttnBtn+ PwrCtrl+ MRL- AttnInd- PwrInd- HotPlug+ Surprise- Interlock- NoCompl+ LLActRep+
[   22.362741] pcieport 0000:00:18.1: Signaling PME with IRQ 49
[   22.362818] pciehp 0000:00:18.1:pcie004: Slot #257 AttnBtn+ PwrCtrl+ MRL- AttnInd- PwrInd- HotPlug+ Surprise- Interlock- NoCompl+ LLActRep+
[   22.364325] pcieport 0000:00:18.2: Signaling PME with IRQ 50
[   22.364410] pciehp 0000:00:18.2:pcie004: Slot #258 AttnBtn+ PwrCtrl+ MRL- AttnInd- PwrInd- HotPlug+ Surprise- Interlock- NoCompl+ LLActRep+
[   22.365860] pcieport 0000:00:18.3: Signaling PME with IRQ 51
[   22.365989] pciehp 0000:00:18.3:pcie004: Slot #259 AttnBtn+ PwrCtrl+ MRL- AttnInd- PwrInd- HotPlug+ Surprise- Interlock- NoCompl+ LLActRep+
[   22.367648] pcieport 0000:00:18.4: Signaling PME with IRQ 52
[   22.367725] pciehp 0000:00:18.4:pcie004: Slot #260 AttnBtn+ PwrCtrl+ MRL- AttnInd- PwrInd- HotPlug+ Surprise- Interlock- NoCompl+ LLActRep+
[   22.369135] pcieport 0000:00:18.5: Signaling PME with IRQ 53
[   22.369253] pciehp 0000:00:18.5:pcie004: Slot #261 AttnBtn+ PwrCtrl+ MRL- AttnInd- PwrInd- HotPlug+ Surprise- Interlock- NoCompl+ LLActRep+
[   22.370775] pcieport 0000:00:18.6: Signaling PME with IRQ 54
[   22.370855] pciehp 0000:00:18.6:pcie004: Slot #262 AttnBtn+ PwrCtrl+ MRL- AttnInd- PwrInd- HotPlug+ Surprise- Interlock- NoCompl+ LLActRep+
[   22.372341] pcieport 0000:00:18.7: Signaling PME with IRQ 55
[   22.372419] pciehp 0000:00:18.7:pcie004: Slot #263 AttnBtn+ PwrCtrl+ MRL- AttnInd- PwrInd- HotPlug+ Surprise- Interlock- NoCompl+ LLActRep+
[   22.373353] shpchp: Standard Hot Plug PCI Controller Driver version: 0.4
[   22.373421] intel_idle: Please enable MWAIT in BIOS SETUP
[   22.373985] ACPI: AC Adapter [ACAD] (on-line)
[   22.374186] input: Power Button as /devices/LNXSYSTM:00/LNXPWRBN:00/input/input0
[   22.374211] ACPI: Power Button [PWRF]
[   22.376199] Serial: 8250/16550 driver, 32 ports, IRQ sharing enabled
[   22.450443] 00:05: ttyS0 at I/O 0x3f8 (irq = 4, base_baud = 115200) is a 16550A
[   22.458017] Linux agpgart interface v0.103
[   22.458192] agpgart-intel 0000:00:00.0: Intel 440BX Chipset
[   22.459950] agpgart-intel 0000:00:00.0: AGP aperture is 256M @ 0x0
[   22.495274] loop: module loaded
[   22.495483] ata_piix 0000:00:07.1: version 2.13
[   22.496354] scsi host0: ata_piix
[   22.497112] scsi host1: ata_piix
[   22.497199] ata1: PATA max UDMA/33 cmd 0x1f0 ctl 0x3f6 bmdma 0x1060 irq 14
[   22.497199] ata2: PATA max UDMA/33 cmd 0x170 ctl 0x376 bmdma 0x1068 irq 15
[   22.497373] libphy: Fixed MDIO Bus: probed
[   22.497374] tun: Universal TUN/TAP device driver, 1.6
[   22.497402] PPP generic driver version 2.4.2
[   22.497477] ehci_hcd: USB 2.0 'Enhanced' Host Controller (EHCI) Driver
[   22.497479] ehci-pci: EHCI PCI platform driver
[   22.498148] ehci-pci 0000:02:03.0: EHCI Host Controller
[   22.498152] ehci-pci 0000:02:03.0: new USB bus registered, assigned bus number 1
[   22.498340] ehci-pci 0000:02:03.0: cache line size of 64 is not supported
[   22.498425] ehci-pci 0000:02:03.0: irq 17, io mem 0xfd5ef000
[   22.505544] ehci-pci 0000:02:03.0: USB 2.0 started, EHCI 1.00
[   22.505612] usb usb1: New USB device found, idVendor=1d6b, idProduct=0002, bcdDevice= 5.00
[   22.505613] usb usb1: New USB device strings: Mfr=3, Product=2, SerialNumber=1
[   22.505614] usb usb1: Product: EHCI Host Controller
[   22.505615] usb usb1: Manufacturer: Linux 5.0.10 ehci_hcd
[   22.505615] usb usb1: SerialNumber: 0000:02:03.0
[   22.505826] hub 1-0:1.0: USB hub found
[   22.505830] hub 1-0:1.0: 6 ports detected
[   22.505965] ehci-platform: EHCI generic platform driver
[   22.505973] ohci_hcd: USB 1.1 'Open' Host Controller (OHCI) Driver
[   22.505976] ohci-pci: OHCI PCI platform driver
[   22.505986] ohci-platform: OHCI generic platform driver
[   22.505990] uhci_hcd: USB Universal Host Controller Interface driver
[   22.506540] uhci_hcd 0000:02:00.0: UHCI Host Controller
[   22.506544] uhci_hcd 0000:02:00.0: new USB bus registered, assigned bus number 2
[   22.506590] uhci_hcd 0000:02:00.0: detected 2 ports
[   22.514733] uhci_hcd 0000:02:00.0: irq 18, io base 0x00002080
[   22.514922] usb usb2: New USB device found, idVendor=1d6b, idProduct=0001, bcdDevice= 5.00
[   22.514940] usb usb2: New USB device strings: Mfr=3, Product=2, SerialNumber=1
[   22.514941] usb usb2: Product: UHCI Host Controller
[   22.514942] usb usb2: Manufacturer: Linux 5.0.10 uhci_hcd
[   22.514942] usb usb2: SerialNumber: 0000:02:00.0
[   22.515155] hub 2-0:1.0: USB hub found
[   22.515159] hub 2-0:1.0: 2 ports detected
[   22.515442] i8042: PNP: PS/2 Controller [PNP0303:KBC,PNP0f13:MOUS] at 0x60,0x64 irq 1,12
[   22.516293] serio: i8042 KBD port at 0x60,0x64 irq 1
[   22.516319] serio: i8042 AUX port at 0x60,0x64 irq 12
[   22.516569] mousedev: PS/2 mouse device common for all mice
[   22.538569] rtc_cmos 00:01: registered as rtc0
[   22.538584] rtc_cmos 00:01: alarms up to one month, y3k, 114 bytes nvram, hpet irqs
[   22.538673] i2c /dev entries driver
[   22.538787] input: AT Translated Set 2 keyboard as /devices/platform/i8042/serio0/input/input1
[   22.538825] device-mapper: uevent: version 1.0.3
[   22.539205] device-mapper: ioctl: 4.39.0-ioctl (2018-04-03) initialised: dm-devel@redhat.com
[   22.539248] platform eisa.0: Probing EISA bus 0
[   22.539249] platform eisa.0: EISA: Cannot allocate resource for mainboard
[   22.539250] platform eisa.0: Cannot allocate resource for EISA slot 1
[   22.539251] platform eisa.0: Cannot allocate resource for EISA slot 2
[   22.539252] platform eisa.0: Cannot allocate resource for EISA slot 3
[   22.539252] platform eisa.0: Cannot allocate resource for EISA slot 4
[   22.539253] platform eisa.0: Cannot allocate resource for EISA slot 5
[   22.539254] platform eisa.0: Cannot allocate resource for EISA slot 6
[   22.539254] platform eisa.0: Cannot allocate resource for EISA slot 7
[   22.539255] platform eisa.0: Cannot allocate resource for EISA slot 8
[   22.539256] platform eisa.0: EISA: Detected 0 cards
[   22.539836] ledtrig-cpu: registered to indicate activity on CPUs
[   22.540206] NET: Registered protocol family 10
[   22.550525] Segment Routing with IPv6
[   22.550543] NET: Registered protocol family 17
[   22.550860] Key type dns_resolver registered
[   22.551926] RAS: Correctable Errors collector initialized.
[   22.551942] sched_clock: Marking stable (22549122845, 2720438)->(22718046869, -166203586)
[   22.555089] registered taskstats version 1
[   22.555097] Loading compiled-in X.509 certificates
[   22.557581] Loaded X.509 cert 'Build time autogenerated kernel key: b7db0e4f3175d263bfb72329f95cb11885888eaa'
[   22.557602] zswap: loaded using pool lzo/zbud
[   22.567427] Key type big_key registered
[   22.567430] Key type trusted registered
[   22.571444] Key type encrypted registered
[   22.571450] ima: No TPM chip found, activating TPM-bypass!
[   22.571456] ima: Allocated hash algorithm: sha1
[   22.571460] No architecture policies found
[   22.571484] evm: Initialising EVM extended attributes:
[   22.571484] evm: security.selinux
[   22.571484] evm: security.SMACK64
[   22.571485] evm: security.SMACK64EXEC
[   22.571485] evm: security.SMACK64TRANSMUTE
[   22.571485] evm: security.SMACK64MMAP
[   22.571486] evm: security.apparmor
[   22.571486] evm: security.ima
[   22.571486] evm: security.capability
[   22.571487] evm: HMAC attrs: 0x1
[   22.573503]   Magic number: 0:364:523
[   22.573663] acpi PNP0C80:140: hash matches
[   22.573675] acpi PNP0C80:dc: hash matches
[   22.573733] acpi device:117: hash matches
[   22.573973] rtc_cmos 00:01: setting system clock to 2020-04-14T08:30:50 UTC (1586853050)
[   22.678081] Freeing unused decrypted memory: 2040K
[   22.678915] Freeing unused kernel image memory: 2564K
[   22.683561] Write protecting the kernel read-only data: 22528k
[   22.684838] Freeing unused kernel image memory: 2016K
[   22.685776] Freeing unused kernel image memory: 1868K
[   22.696515] x86/mm: Checked W+X mappings: passed, no W+X pages found.
[   22.696517] x86/mm: Checking user space page tables
[   22.704766] x86/mm: Checked W+X mappings: passed, no W+X pages found.
[   22.704769] Run /init as init process
[   22.835543] usb 2-1: new full-speed USB device number 2 using uhci_hcd
[   22.969508] piix4_smbus 0000:00:07.3: SMBus Host Controller not enabled!
[   22.999023] usb 2-1: New USB device found, idVendor=0e0f, idProduct=0003, bcdDevice= 1.03
[   22.999025] usb 2-1: New USB device strings: Mfr=1, Product=2, SerialNumber=0
[   22.999026] usb 2-1: Product: VMware Virtual USB Mouse
[   22.999027] usb 2-1: Manufacturer: VMware
[   23.007827] ahci 0000:02:05.0: version 3.0
[   23.008960] ahci 0000:02:05.0: AHCI 0001.0300 32 slots 30 ports 6 Gbps 0x3fffffff impl SATA mode
[   23.008962] ahci 0000:02:05.0: flags: 64bit ncq clo only 
[   23.016312] Fusion MPT base driver 3.04.20
[   23.016313] Copyright (c) 1999-2008 LSI Corporation
[   23.017018] scsi host2: ahci
[   23.018777] scsi host3: ahci
[   23.018898] scsi host4: ahci
[   23.019004] scsi host5: ahci
[   23.019105] scsi host6: ahci
[   23.024053] scsi host7: ahci
[   23.027168] Fusion MPT SPI Host driver 3.04.20
[   23.028276] scsi host8: ahci
[   23.030784] e1000: Intel(R) PRO/1000 Network Driver - version 7.3.21-k8-NAPI
[   23.030784] e1000: Copyright (c) 1999-2006 Intel Corporation.
[   23.032901] scsi host9: ahci
[   23.050829] scsi host10: ahci
[   23.053221] scsi host11: ahci
[   23.053352] scsi host12: ahci
[   23.053459] scsi host13: ahci
[   23.053563] scsi host14: ahci
[   23.053665] scsi host15: ahci
[   23.053781] scsi host16: ahci
[   23.053877] scsi host17: ahci
[   23.054022] scsi host18: ahci
[   23.054171] scsi host19: ahci
[   23.054304] scsi host20: ahci
[   23.055094] scsi host21: ahci
[   23.055213] scsi host22: ahci
[   23.055324] scsi host23: ahci
[   23.055435] scsi host24: ahci
[   23.055539] scsi host25: ahci
[   23.055640] scsi host26: ahci
[   23.055764] scsi host27: ahci
[   23.055862] scsi host28: ahci
[   23.055963] scsi host29: ahci
[   23.056062] scsi host30: ahci
[   23.056160] scsi host31: ahci
[   23.056218] ata3: SATA max UDMA/133 abar m4096@0xfd5ee000 port 0xfd5ee100 irq 56
[   23.056232] ata4: SATA max UDMA/133 abar m4096@0xfd5ee000 port 0xfd5ee180 irq 56
[   23.056236] ata5: SATA max UDMA/133 abar m4096@0xfd5ee000 port 0xfd5ee200 irq 56
[   23.056237] ata6: SATA max UDMA/133 abar m4096@0xfd5ee000 port 0xfd5ee280 irq 56
[   23.056238] ata7: SATA max UDMA/133 abar m4096@0xfd5ee000 port 0xfd5ee300 irq 56
[   23.056239] ata8: SATA max UDMA/133 abar m4096@0xfd5ee000 port 0xfd5ee380 irq 56
[   23.056240] ata9: SATA max UDMA/133 abar m4096@0xfd5ee000 port 0xfd5ee400 irq 56
[   23.056240] ata10: SATA max UDMA/133 abar m4096@0xfd5ee000 port 0xfd5ee480 irq 56
[   23.056241] ata11: SATA max UDMA/133 abar m4096@0xfd5ee000 port 0xfd5ee500 irq 56
[   23.056242] ata12: SATA max UDMA/133 abar m4096@0xfd5ee000 port 0xfd5ee580 irq 56
[   23.056242] ata13: SATA max UDMA/133 abar m4096@0xfd5ee000 port 0xfd5ee600 irq 56
[   23.056243] ata14: SATA max UDMA/133 abar m4096@0xfd5ee000 port 0xfd5ee680 irq 56
[   23.056244] ata15: SATA max UDMA/133 abar m4096@0xfd5ee000 port 0xfd5ee700 irq 56
[   23.056244] ata16: SATA max UDMA/133 abar m4096@0xfd5ee000 port 0xfd5ee780 irq 56
[   23.056245] ata17: SATA max UDMA/133 abar m4096@0xfd5ee000 port 0xfd5ee800 irq 56
[   23.056246] ata18: SATA max UDMA/133 abar m4096@0xfd5ee000 port 0xfd5ee880 irq 56
[   23.056247] ata19: SATA max UDMA/133 abar m4096@0xfd5ee000 port 0xfd5ee900 irq 56
[   23.056247] ata20: SATA max UDMA/133 abar m4096@0xfd5ee000 port 0xfd5ee980 irq 56
[   23.056248] ata21: SATA max UDMA/133 abar m4096@0xfd5ee000 port 0xfd5eea00 irq 56
[   23.056249] ata22: SATA max UDMA/133 abar m4096@0xfd5ee000 port 0xfd5eea80 irq 56
[   23.056249] ata23: SATA max UDMA/133 abar m4096@0xfd5ee000 port 0xfd5eeb00 irq 56
[   23.056250] ata24: SATA max UDMA/133 abar m4096@0xfd5ee000 port 0xfd5eeb80 irq 56
[   23.056251] ata25: SATA max UDMA/133 abar m4096@0xfd5ee000 port 0xfd5eec00 irq 56
[   23.056251] ata26: SATA max UDMA/133 abar m4096@0xfd5ee000 port 0xfd5eec80 irq 56
[   23.056252] ata27: SATA max UDMA/133 abar m4096@0xfd5ee000 port 0xfd5eed00 irq 56
[   23.056253] ata28: SATA max UDMA/133 abar m4096@0xfd5ee000 port 0xfd5eed80 irq 56
[   23.056254] ata29: SATA max UDMA/133 abar m4096@0xfd5ee000 port 0xfd5eee00 irq 56
[   23.056254] ata30: SATA max UDMA/133 abar m4096@0xfd5ee000 port 0xfd5eee80 irq 56
[   23.056255] ata31: SATA max UDMA/133 abar m4096@0xfd5ee000 port 0xfd5eef00 irq 56
[   23.056256] ata32: SATA max UDMA/133 abar m4096@0xfd5ee000 port 0xfd5eef80 irq 56
[   23.057263] mptbase: ioc0: Initiating bringup
[   23.069999] input: VirtualPS/2 VMware VMMouse as /devices/platform/i8042/serio1/input/input4
[   23.070796] input: VirtualPS/2 VMware VMMouse as /devices/platform/i8042/serio1/input/input3
[   23.119663] usb 2-2: new full-speed USB device number 3 using uhci_hcd
[   23.140698] ioc0: LSI53C1030 B0: Capabilities={Initiator}
[   23.185700] [drm] DMA map mode: Using physical TTM page addresses.
[   23.185860] [drm] Capabilities:
[   23.185860] [drm]   Rect copy.
[   23.185860] [drm]   Cursor.
[   23.185861] [drm]   Cursor bypass.
[   23.185861] [drm]   Cursor bypass 2.
[   23.185861] [drm]   8bit emulation.
[   23.185861] [drm]   Alpha cursor.
[   23.185862] [drm]   3D.
[   23.185862] [drm]   Extended Fifo.
[   23.185862] [drm]   Multimon.
[   23.185862] [drm]   Pitchlock.
[   23.185863] [drm]   Irq mask.
[   23.185863] [drm]   Display Topology.
[   23.185863] [drm]   GMR.
[   23.185863] [drm]   Traces.
[   23.185864] [drm]   GMR2.
[   23.185864] [drm]   Screen Object 2.
[   23.185864] [drm]   Command Buffers.
[   23.185864] [drm]   Command Buffers 2.
[   23.185865] [drm]   Guest Backed Resources.
[   23.185865] [drm]   DX Features.
[   23.185865] [drm]   HP Command Queue.
[   23.185866] [drm] Capabilities2:
[   23.185866] [drm]   Grow oTable.
[   23.185866] [drm]   IntraSurface copy.
[   23.185867] [drm] Max GMR ids is 64
[   23.185867] [drm] Max number of GMR pages is 65536
[   23.185868] [drm] Max dedicated hypervisor surface memory is 0 kiB
[   23.185868] [drm] Maximum display memory size is 262144 kiB
[   23.185869] [drm] VRAM at 0xe8000000 size is 4096 kiB
